../Drivers/CMSIS/Include/core_cm3.h:1876:26:ITM_SendChar	16	static,ignoring_inline_asm
../Core/Src/main.c:72:5:_write	32	static
../Core/Src/main.c:100:5:main	16	static
../Core/Src/main.c:182:6:SystemClock_Config	88	static
../Core/Src/main.c:229:13:MX_I2C1_Init	8	static
../Core/Src/main.c:263:13:MX_TIM2_Init	48	static
../Core/Src/main.c:324:13:MX_TIM3_Init	48	static
../Core/Src/main.c:385:13:MX_USART1_Init	8	static
../Core/Src/main.c:419:13:MX_USART2_UART_Init	8	static
../Core/Src/main.c:452:13:MX_USB_PCD_Init	8	static
../Core/Src/main.c:483:13:MX_GPIO_Init	40	static
../Core/Src/main.c:539:6:user_pwm_setvalue1	48	static
../Core/Src/main.c:562:6:Error_Handler	4	static,ignoring_inline_asm
