Archive member included to satisfy reference by file (symbol)

C:/ST/STM32CubeIDE_1.13.2/STM32CubeIDE/plugins/com.st.stm32cube.ide.mcu.externaltools.gnu-tools-for-stm32.11.3.rel1.win32_1.1.1.202309131626/tools/bin/../lib/gcc/arm-none-eabi/11.3.1/../../../../arm-none-eabi/lib/thumb/v8-m.main+fp/hard\libstdc++_nano.a(math_stubs_long_double.o)
                              ./Core/Src/Lidar.o (powl)
C:/ST/STM32CubeIDE_1.13.2/STM32CubeIDE/plugins/com.st.stm32cube.ide.mcu.externaltools.gnu-tools-for-stm32.11.3.rel1.win32_1.1.1.202309131626/tools/bin/../lib/gcc/arm-none-eabi/11.3.1/../../../../arm-none-eabi/lib/thumb/v8-m.main+fp/hard\libm.a(libm_a-w_acos.o)
                              C:/ST/STM32CubeIDE_1.13.2/STM32CubeIDE/plugins/com.st.stm32cube.ide.mcu.externaltools.gnu-tools-for-stm32.11.3.rel1.win32_1.1.1.202309131626/tools/bin/../lib/gcc/arm-none-eabi/11.3.1/../../../../arm-none-eabi/lib/thumb/v8-m.main+fp/hard\libstdc++_nano.a(math_stubs_long_double.o) (acos)
C:/ST/STM32CubeIDE_1.13.2/STM32CubeIDE/plugins/com.st.stm32cube.ide.mcu.externaltools.gnu-tools-for-stm32.11.3.rel1.win32_1.1.1.202309131626/tools/bin/../lib/gcc/arm-none-eabi/11.3.1/../../../../arm-none-eabi/lib/thumb/v8-m.main+fp/hard\libm.a(libm_a-w_asin.o)
                              C:/ST/STM32CubeIDE_1.13.2/STM32CubeIDE/plugins/com.st.stm32cube.ide.mcu.externaltools.gnu-tools-for-stm32.11.3.rel1.win32_1.1.1.202309131626/tools/bin/../lib/gcc/arm-none-eabi/11.3.1/../../../../arm-none-eabi/lib/thumb/v8-m.main+fp/hard\libstdc++_nano.a(math_stubs_long_double.o) (asin)
C:/ST/STM32CubeIDE_1.13.2/STM32CubeIDE/plugins/com.st.stm32cube.ide.mcu.externaltools.gnu-tools-for-stm32.11.3.rel1.win32_1.1.1.202309131626/tools/bin/../lib/gcc/arm-none-eabi/11.3.1/../../../../arm-none-eabi/lib/thumb/v8-m.main+fp/hard\libm.a(libm_a-w_atan2.o)
                              C:/ST/STM32CubeIDE_1.13.2/STM32CubeIDE/plugins/com.st.stm32cube.ide.mcu.externaltools.gnu-tools-for-stm32.11.3.rel1.win32_1.1.1.202309131626/tools/bin/../lib/gcc/arm-none-eabi/11.3.1/../../../../arm-none-eabi/lib/thumb/v8-m.main+fp/hard\libstdc++_nano.a(math_stubs_long_double.o) (atan2)
C:/ST/STM32CubeIDE_1.13.2/STM32CubeIDE/plugins/com.st.stm32cube.ide.mcu.externaltools.gnu-tools-for-stm32.11.3.rel1.win32_1.1.1.202309131626/tools/bin/../lib/gcc/arm-none-eabi/11.3.1/../../../../arm-none-eabi/lib/thumb/v8-m.main+fp/hard\libm.a(libm_a-w_cosh.o)
                              C:/ST/STM32CubeIDE_1.13.2/STM32CubeIDE/plugins/com.st.stm32cube.ide.mcu.externaltools.gnu-tools-for-stm32.11.3.rel1.win32_1.1.1.202309131626/tools/bin/../lib/gcc/arm-none-eabi/11.3.1/../../../../arm-none-eabi/lib/thumb/v8-m.main+fp/hard\libstdc++_nano.a(math_stubs_long_double.o) (cosh)
C:/ST/STM32CubeIDE_1.13.2/STM32CubeIDE/plugins/com.st.stm32cube.ide.mcu.externaltools.gnu-tools-for-stm32.11.3.rel1.win32_1.1.1.202309131626/tools/bin/../lib/gcc/arm-none-eabi/11.3.1/../../../../arm-none-eabi/lib/thumb/v8-m.main+fp/hard\libm.a(libm_a-w_exp.o)
                              C:/ST/STM32CubeIDE_1.13.2/STM32CubeIDE/plugins/com.st.stm32cube.ide.mcu.externaltools.gnu-tools-for-stm32.11.3.rel1.win32_1.1.1.202309131626/tools/bin/../lib/gcc/arm-none-eabi/11.3.1/../../../../arm-none-eabi/lib/thumb/v8-m.main+fp/hard\libstdc++_nano.a(math_stubs_long_double.o) (exp)
C:/ST/STM32CubeIDE_1.13.2/STM32CubeIDE/plugins/com.st.stm32cube.ide.mcu.externaltools.gnu-tools-for-stm32.11.3.rel1.win32_1.1.1.202309131626/tools/bin/../lib/gcc/arm-none-eabi/11.3.1/../../../../arm-none-eabi/lib/thumb/v8-m.main+fp/hard\libm.a(libm_a-w_fmod.o)
                              C:/ST/STM32CubeIDE_1.13.2/STM32CubeIDE/plugins/com.st.stm32cube.ide.mcu.externaltools.gnu-tools-for-stm32.11.3.rel1.win32_1.1.1.202309131626/tools/bin/../lib/gcc/arm-none-eabi/11.3.1/../../../../arm-none-eabi/lib/thumb/v8-m.main+fp/hard\libstdc++_nano.a(math_stubs_long_double.o) (fmod)
C:/ST/STM32CubeIDE_1.13.2/STM32CubeIDE/plugins/com.st.stm32cube.ide.mcu.externaltools.gnu-tools-for-stm32.11.3.rel1.win32_1.1.1.202309131626/tools/bin/../lib/gcc/arm-none-eabi/11.3.1/../../../../arm-none-eabi/lib/thumb/v8-m.main+fp/hard\libm.a(libm_a-w_log.o)
                              C:/ST/STM32CubeIDE_1.13.2/STM32CubeIDE/plugins/com.st.stm32cube.ide.mcu.externaltools.gnu-tools-for-stm32.11.3.rel1.win32_1.1.1.202309131626/tools/bin/../lib/gcc/arm-none-eabi/11.3.1/../../../../arm-none-eabi/lib/thumb/v8-m.main+fp/hard\libstdc++_nano.a(math_stubs_long_double.o) (log)
C:/ST/STM32CubeIDE_1.13.2/STM32CubeIDE/plugins/com.st.stm32cube.ide.mcu.externaltools.gnu-tools-for-stm32.11.3.rel1.win32_1.1.1.202309131626/tools/bin/../lib/gcc/arm-none-eabi/11.3.1/../../../../arm-none-eabi/lib/thumb/v8-m.main+fp/hard\libm.a(libm_a-w_log10.o)
[...]
Memory Configuration

Name             Origin             Length             Attributes
RAM              0x0000000020000000 0x00000000000a0000 xrw
FLASH            0x0000000008000000 0x0000000000200000 xr
*default*        0x0000000000000000 0xffffffffffffffff

Linker script and memory map

LOAD C:/ST/STM32CubeIDE_1.13.2/STM32CubeIDE/plugins/com.st.stm32cube.ide.mcu.externaltools.gnu-tools-for-stm32.11.3.rel1.win32_1.1.1.202309131626/tools/bin/../lib/gcc/arm-none-eabi/11.3.1/thumb/v8-m.main+fp/hard/crti.o
LOAD C:/ST/STM32CubeIDE_1.13.2/STM32CubeIDE/plugins/com.st.stm32cube.ide.mcu.externaltools.gnu-tools-for-stm32.11.3.rel1.win32_1.1.1.202309131626/tools/bin/../lib/gcc/arm-none-eabi/11.3.1/thumb/v8-m.main+fp/hard/crtbegin.o
LOAD C:/ST/STM32CubeIDE_1.13.2/STM32CubeIDE/plugins/com.st.stm32cube.ide.mcu.externaltools.gnu-tools-for-stm32.11.3.rel1.win32_1.1.1.202309131626/tools/bin/../lib/gcc/arm-none-eabi/11.3.1/../../../../arm-none-eabi/lib/thumb/v8-m.main+fp/hard/crt0.o
LOAD ./Core/Src/Lidar.o
LOAD ./Core/Src/main.o
LOAD ./Core/Src/stm32h5xx_hal_msp.o
LOAD ./Core/Src/stm32h5xx_it.o
LOAD ./Core/Src/syscalls.o
LOAD ./Core/Src/sysmem.o
LOAD ./Core/Src/system_stm32h5xx.o
LOAD ./Core/Startup/startup_stm32h573ritx.o
LOAD ./Drivers/STM32H5xx_HAL_Driver/Src/stm32h5xx_hal.o
LOAD ./Drivers/STM32H5xx_HAL_Driver/Src/stm32h5xx_hal_cordic.o
LOAD ./Drivers/STM32H5xx_HAL_Driver/Src/stm32h5xx_hal_cortex.o
LOAD ./Drivers/STM32H5xx_HAL_Driver/Src/stm32h5xx_hal_dma.o
LOAD ./Drivers/STM32H5xx_HAL_Driver/Src/stm32h5xx_hal_dma_ex.o
LOAD ./Drivers/STM32H5xx_HAL_Driver/Src/stm32h5xx_hal_exti.o
LOAD ./Drivers/STM32H5xx_HAL_Driver/Src/stm32h5xx_hal_flash.o
LOAD ./Drivers/STM32H5xx_HAL_Driver/Src/stm32h5xx_hal_flash_ex.o
LOAD ./Drivers/STM32H5xx_HAL_Driver/Src/stm32h5xx_hal_fmac.o
LOAD ./Drivers/STM32H5xx_HAL_Driver/Src/stm32h5xx_hal_gpio.o
LOAD ./Drivers/STM32H5xx_HAL_Driver/Src/stm32h5xx_hal_icache.o
LOAD ./Drivers/STM32H5xx_HAL_Driver/Src/stm32h5xx_hal_pcd.o
LOAD ./Drivers/STM32H5xx_HAL_Driver/Src/stm32h5xx_hal_pcd_ex.o
LOAD ./Drivers/STM32H5xx_HAL_Driver/Src/stm32h5xx_hal_pwr.o
LOAD ./Drivers/STM32H5xx_HAL_Driver/Src/stm32h5xx_hal_pwr_ex.o
LOAD ./Drivers/STM32H5xx_HAL_Driver/Src/stm32h5xx_hal_rcc.o
LOAD ./Drivers/STM32H5xx_HAL_Driver/Src/stm32h5xx_hal_rcc_ex.o
LOAD ./Drivers/STM32H5xx_HAL_Driver/Src/stm32h5xx_hal_rtc.o
LOAD ./Drivers/STM32H5xx_HAL_Driver/Src/stm32h5xx_hal_rtc_ex.o
LOAD ./Drivers/STM32H5xx_HAL_Driver/Src/stm32h5xx_hal_tim.o
LOAD ./Drivers/STM32H5xx_HAL_Driver/Src/stm32h5xx_hal_tim_ex.o
LOAD ./Drivers/STM32H5xx_HAL_Driver/Src/stm32h5xx_hal_uart.o
LOAD ./Drivers/STM32H5xx_HAL_Driver/Src/stm32h5xx_hal_uart_ex.o
LOAD ./Drivers/STM32H5xx_HAL_Driver/Src/stm32h5xx_hal_usart.o
LOAD ./Drivers/STM32H5xx_HAL_Driver/Src/stm32h5xx_hal_usart_ex.o
LOAD ./Drivers/STM32H5xx_HAL_Driver/Src/stm32h5xx_ll_usb.o
START GROUP
LOAD C:/ST/STM32CubeIDE_1.13.2/STM32CubeIDE/plugins/com.st.stm32cube.ide.mcu.externaltools.gnu-tools-for-stm32.11.3.rel1.win32_1.1.1.202309131626/tools/bin/../lib/gcc/arm-none-eabi/11.3.1/../../../../arm-none-eabi/lib/thumb/v8-m.main+fp/hard\libstdc++_nano.a
LOAD C:/ST/STM32CubeIDE_1.13.2/STM32CubeIDE/plugins/com.st.stm32cube.ide.mcu.externaltools.gnu-tools-for-stm32.11.3.rel1.win32_1.1.1.202309131626/tools/bin/../lib/gcc/arm-none-eabi/11.3.1/../../../../arm-none-eabi/lib/thumb/v8-m.main+fp/hard\libsupc++_nano.a
END GROUP
LOAD C:/ST/STM32CubeIDE_1.13.2/STM32CubeIDE/plugins/com.st.stm32cube.ide.mcu.externaltools.gnu-tools-for-stm32.11.3.rel1.win32_1.1.1.202309131626/tools/bin/../lib/gcc/arm-none-eabi/11.3.1/../../../../arm-none-eabi/lib/thumb/v8-m.main+fp/hard\libstdc++_nano.a
LOAD C:/ST/STM32CubeIDE_1.13.2/STM32CubeIDE/plugins/com.st.stm32cube.ide.mcu.externaltools.gnu-tools-for-stm32.11.3.rel1.win32_1.1.1.202309131626/tools/bin/../lib/gcc/arm-none-eabi/11.3.1/../../../../arm-none-eabi/lib/thumb/v8-m.main+fp/hard\libm.a
LOAD C:/ST/STM32CubeIDE_1.13.2/STM32CubeIDE/plugins/com.st.stm32cube.ide.mcu.externaltools.gnu-tools-for-stm32.11.3.rel1.win32_1.1.1.202309131626/tools/bin/../lib/gcc/arm-none-eabi/11.3.1/../../../../arm-none-eabi/lib/thumb/v8-m.main+fp/hard\libc_nano.a
START GROUP
LOAD C:/ST/STM32CubeIDE_1.13.2/STM32CubeIDE/plugins/com.st.stm32cube.ide.mcu.externaltools.gnu-tools-for-stm32.11.3.rel1.win32_1.1.1.202309131626/tools/bin/../lib/gcc/arm-none-eabi/11.3.1/thumb/v8-m.main+fp/hard\libgcc.a
LOAD C:/ST/STM32CubeIDE_1.13.2/STM32CubeIDE/plugins/com.st.stm32cube.ide.mcu.externaltools.gnu-tools-for-stm32.11.3.rel1.win32_1.1.1.202309131626/tools/bin/../lib/gcc/arm-none-eabi/11.3.1/../../../../arm-none-eabi/lib/thumb/v8-m.main+fp/hard\libc_nano.a
END GROUP
START GROUP
LOAD C:/ST/STM32CubeIDE_1.13.2/STM32CubeIDE/plugins/com.st.stm32cube.ide.mcu.externaltools.gnu-tools-for-stm32.11.3.rel1.win32_1.1.1.202309131626/tools/bin/../lib/gcc/arm-none-eabi/11.3.1/thumb/v8-m.main+fp/hard\libgcc.a
LOAD C:/ST/STM32CubeIDE_1.13.2/STM32CubeIDE/plugins/com.st.stm32cube.ide.mcu.externaltools.gnu-tools-for-stm32.11.3.rel1.win32_1.1.1.202309131626/tools/bin/../lib/gcc/arm-none-eabi/11.3.1/../../../../arm-none-eabi/lib/thumb/v8-m.main+fp/hard\libc_nano.a
LOAD C:/ST/STM32CubeIDE_1.13.2/STM32CubeIDE/plugins/com.st.stm32cube.ide.mcu.externaltools.gnu-tools-for-stm32.11.3.rel1.win32_1.1.1.202309131626/tools/bin/../lib/gcc/arm-none-eabi/11.3.1/../../../../arm-none-eabi/lib/thumb/v8-m.main+fp/hard\libnosys.a
END GROUP
START GROUP
LOAD C:/ST/STM32CubeIDE_1.13.2/STM32CubeIDE/plugins/com.st.stm32cube.ide.mcu.externaltools.gnu-tools-for-stm32.11.3.rel1.win32_1.1.1.202309131626/tools/bin/../lib/gcc/arm-none-eabi/11.3.1/thumb/v8-m.main+fp/hard\libgcc.a
LOAD C:/ST/STM32CubeIDE_1.13.2/STM32CubeIDE/plugins/com.st.stm32cube.ide.mcu.externaltools.gnu-tools-for-stm32.11.3.rel1.win32_1.1.1.202309131626/tools/bin/../lib/gcc/arm-none-eabi/11.3.1/../../../../arm-none-eabi/lib/thumb/v8-m.main+fp/hard\libc_nano.a
LOAD C:/ST/STM32CubeIDE_1.13.2/STM32CubeIDE/plugins/com.st.stm32cube.ide.mcu.externaltools.gnu-tools-for-stm32.11.3.rel1.win32_1.1.1.202309131626/tools/bin/../lib/gcc/arm-none-eabi/11.3.1/../../../../arm-none-eabi/lib/thumb/v8-m.main+fp/hard\libnosys.a
END GROUP
LOAD C:/ST/STM32CubeIDE_1.13.2/STM32CubeIDE/plugins/com.st.stm32cube.ide.mcu.externaltools.gnu-tools-for-stm32.11.3.rel1.win32_1.1.1.202309131626/tools/bin/../lib/gcc/arm-none-eabi/11.3.1/thumb/v8-m.main+fp/hard/crtend.o
LOAD C:/ST/STM32CubeIDE_1.13.2/STM32CubeIDE/plugins/com.st.stm32cube.ide.mcu.externaltools.gnu-tools-for-stm32.11.3.rel1.win32_1.1.1.202309131626/tools/bin/../lib/gcc/arm-none-eabi/11.3.1/thumb/v8-m.main+fp/hard/crtn.o
                0x00000000200a0000                _estack = (ORIGIN (RAM) + LENGTH (RAM))
                0x0000000000000200                _Min_Heap_Size = 0x200
                0x0000000000000400                _Min_Stack_Size = 0x400

.isr_vector     0x0000000008000000      0x24c
                0x0000000008000000                . = ALIGN (0x4)
 *(.isr_vector)
 .isr_vector    0x0000000008000000      0x24c ./Core/Startup/startup_stm32h573ritx.o
                0x0000000008000000                g_pfnVectors
                0x000000000800024c                . = ALIGN (0x4)

.text           0x0000000008000250    0x17230
                0x0000000008000250                . = ALIGN (0x4)
 *(.text)
 .text          0x0000000008000250       0x40 C:/ST/STM32CubeIDE_1.13.2/STM32CubeIDE/plugins/com.st.stm32cube.ide.mcu.externaltools.gnu-tools-for-stm32.11.3.rel1.win32_1.1.1.202309131626/tools/bin/../lib/gcc/arm-none-eabi/11.3.1/thumb/v8-m.main+fp/hard/crtbegin.o
 .text          0x0000000008000290       0x10 C:/ST/STM32CubeIDE_1.13.2/STM32CubeIDE/plugins/com.st.stm32cube.ide.mcu.externaltools.gnu-tools-for-stm32.11.3.rel1.win32_1.1.1.202309131626/tools/bin/../lib/gcc/arm-none-eabi/11.3.1/../../../../arm-none-eabi/lib/thumb/v8-m.main+fp/hard\libc_nano.a(libc_a-strlen.o)
                0x0000000008000290                strlen
 .text          0x00000000080002a0      0x378 C:/ST/STM32CubeIDE_1.13.2/STM32CubeIDE/plugins/com.st.stm32cube.ide.mcu.externaltools.gnu-tools-for-stm32.11.3.rel1.win32_1.1.1.202309131626/tools/bin/../lib/gcc/arm-none-eabi/11.3.1/thumb/v8-m.main+fp/hard\libgcc.a(_arm_addsubdf3.o)
                0x00000000080002a0                __aeabi_drsub
                0x00000000080002a8                __aeabi_dsub
                0x00000000080002a8                __subdf3
                0x00000000080002ac                __aeabi_dadd
                0x00000000080002ac                __adddf3
                0x0000000008000524                __floatunsidf
                0x0000000008000524                __aeabi_ui2d
                0x0000000008000544                __floatsidf
                0x0000000008000544                __aeabi_i2d
                0x0000000008000568                __aeabi_f2d
                0x0000000008000568                __extendsfdf2
                0x00000000080005ac                __floatundidf
                0x00000000080005ac                __aeabi_ul2d
                0x00000000080005bc                __floatdidf
                0x00000000080005bc                __aeabi_l2d
 .text          0x0000000008000618      0x424 C:/ST/STM32CubeIDE_1.13.2/STM32CubeIDE/plugins/com.st.stm32cube.ide.mcu.externaltools.gnu-tools-for-stm32.11.3.rel1.win32_1.1.1.202309131626/tools/bin/../lib/gcc/arm-none-eabi/11.3.1/thumb/v8-m.main+fp/hard\libgcc.a(_arm_muldivdf3.o)
                0x0000000008000618                __aeabi_dmul
                0x0000000008000618                __muldf3
                0x000000000800086c                __divdf3
                0x000000000800086c                __aeabi_ddiv
 .text          0x0000000008000a3c      0x110 C:/ST/STM32CubeIDE_1.13.2/STM32CubeIDE/plugins/com.st.stm32cube.ide.mcu.externaltools.gnu-tools-for-stm32.11.3.rel1.win32_1.1.1.202309131626/tools/bin/../lib/gcc/arm-none-eabi/11.3.1/thumb/v8-m.main+fp/hard\libgcc.a(_arm_cmpdf2.o)
                0x0000000008000a3c                __gtdf2
                0x0000000008000a3c                __gedf2
                0x0000000008000a44                __ltdf2
                0x0000000008000a44                __ledf2
                0x0000000008000a4c                __nedf2
                0x0000000008000a4c                __eqdf2
                0x0000000008000a4c                __cmpdf2
                0x0000000008000ac8                __aeabi_cdrcmple
                0x0000000008000ad8                __aeabi_cdcmpeq
                0x0000000008000ad8                __aeabi_cdcmple
                0x0000000008000ae8                __aeabi_dcmpeq
                0x0000000008000afc                __aeabi_dcmplt
                0x0000000008000b10                __aeabi_dcmple
                0x0000000008000b24                __aeabi_dcmpge
                0x0000000008000b38                __aeabi_dcmpgt
 .text          0x0000000008000b4c       0x2c C:/ST/STM32CubeIDE_1.13.2/STM32CubeIDE/plugins/com.st.stm32cube.ide.mcu.externaltools.gnu-tools-for-stm32.11.3.rel1.win32_1.1.1.202309131626/tools/bin/../lib/gcc/arm-none-eabi/11.3.1/thumb/v8-m.main+fp/hard\libgcc.a(_arm_unorddf2.o)
                0x0000000008000b4c                __unorddf2
                0x0000000008000b4c                __aeabi_dcmpun
 .text          0x0000000008000b78       0x50 C:/ST/STM32CubeIDE_1.13.2/STM32CubeIDE/plugins/com.st.stm32cube.ide.mcu.externaltools.gnu-tools-for-stm32.11.3.rel1.win32_1.1.1.202309131626/tools/bin/../lib/gcc/arm-none-eabi/11.3.1/thumb/v8-m.main+fp/hard\libgcc.a(_arm_fixdfsi.o)
                0x0000000008000b78                __aeabi_d2iz
                0x0000000008000b78                __fixdfsi
 .text          0x0000000008000bc8       0x30 C:/ST/STM32CubeIDE_1.13.2/STM32CubeIDE/plugins/com.st.stm32cube.ide.mcu.externaltools.gnu-tools-for-stm32.11.3.rel1.win32_1.1.1.202309131626/tools/bin/../lib/gcc/arm-none-eabi/11.3.1/thumb/v8-m.main+fp/hard\libgcc.a(_aeabi_uldivmod.o)
                0x0000000008000bc8                __aeabi_uldivmod
 .text          0x0000000008000bf8      0x2ec C:/ST/STM32CubeIDE_1.13.2/STM32CubeIDE/plugins/com.st.stm32cube.ide.mcu.externaltools.gnu-tools-for-stm32.11.3.rel1.win32_1.1.1.202309131626/tools/bin/../lib/gcc/arm-none-eabi/11.3.1/thumb/v8-m.main+fp/hard\libgcc.a(_udivmoddi4.o)
                0x0000000008000bf8                __udivmoddi4
 .text          0x0000000008000ee4        0x4 C:/ST/STM32CubeIDE_1.13.2/STM32CubeIDE/plugins/com.st.stm32cube.ide.mcu.externaltools.gnu-tools-for-stm32.11.3.rel1.win32_1.1.1.202309131626/tools/bin/../lib/gcc/arm-none-eabi/11.3.1/thumb/v8-m.main+fp/hard\libgcc.a(_dvmd_tls.o)
                0x0000000008000ee4                __aeabi_idiv0
                0x0000000008000ee4                __aeabi_ldiv0
 *(.text*)
 .text._ZSt3abse
                0x0000000008000ee8       0x28 ./Core/Src/Lidar.o
                0x0000000008000ee8                std::abs(long double)
 .text._ZSt3powee
                0x0000000008000f10       0x30 ./Core/Src/Lidar.o
                0x0000000008000f10                std::pow(long double, long double)
 .text.__NVIC_SystemReset
                0x0000000008000f40       0x2c ./Core/Src/Lidar.o
 *fill*         0x0000000008000f6c        0x4 
 .text._Z7radiansd
                0x0000000008000f70       0x4c ./Core/Src/Lidar.o
                0x0000000008000f70                radians(double)
 .text._ZN15Lidar_functions16process_rotationEv
                0x0000000008000fbc      0x2e0 ./Core/Src/Lidar.o
                0x0000000008000fbc                Lidar_functions::process_rotation()
 *fill*         0x000000000800129c        0x4 
 .text._ZN15Lidar_functions21get_packet_from_lidarEv
                0x00000000080012a0      0x3b4 ./Core/Src/Lidar.o
                0x00000000080012a0                Lidar_functions::get_packet_from_lidar()
 .text._ZN15Lidar_functions4tickEv
                0x0000000008001654       0x48 ./Core/Src/Lidar.o
                0x0000000008001654                Lidar_functions::tick()
 .text._ZN15Lidar_functions11reset_lidarEv
                0x000000000800169c       0x50 ./Core/Src/Lidar.o
                0x000000000800169c                Lidar_functions::reset_lidar()
 .text._ZN15Lidar_functions24update_connection_statusEv
                0x00000000080016ec      0x4cc ./Core/Src/Lidar.o
                0x00000000080016ec                Lidar_functions::update_connection_status()
 .text._ZN15Lidar_functionsC2Ev
                0x0000000008001bb8      0x130 ./Core/Src/Lidar.o
                0x0000000008001bb8                Lidar_functions::Lidar_functions()
                0x0000000008001bb8                Lidar_functions::Lidar_functions()
 .text.HAL_UARTEx_RxEventCallback
                0x0000000008001ce8      0x114 ./Core/Src/Lidar.o
                0x0000000008001ce8                HAL_UARTEx_RxEventCallback
 *fill*         0x0000000008001dfc        0x4 
 .text._ZN4Zone17calculate_geometyEv
                0x0000000008001e00      0x408 ./Core/Src/Lidar.o
                0x0000000008001e00                Zone::calculate_geomety()
 .text._ZN4Zone16simple_mode_sortEv
                0x0000000008002208      0x17c ./Core/Src/Lidar.o
                0x0000000008002208                Zone::simple_mode_sort()
 .text._ZN4Zone14analyse_pointsEv
                0x0000000008002384       0xac ./Core/Src/Lidar.o
                0x0000000008002384                Zone::analyse_points()
 .text._ZN17Comnplicated_zone17calculate_geometyEv
                0x0000000008002430      0x428 ./Core/Src/Lidar.o
                0x0000000008002430                Comnplicated_zone::calculate_geomety()
 .text._ZN17Comnplicated_zone11orientationE14Geometry_pointS0_S0_
                0x0000000008002858       0x4c ./Core/Src/Lidar.o
                0x0000000008002858                Comnplicated_zone::orientation(Geometry_point, Geometry_point, Geometry_point)
 .text._ZN17Comnplicated_zone13advanced_sortEv
                0x00000000080028a4      0x1e8 ./Core/Src/Lidar.o
                0x00000000080028a4                Comnplicated_zone::advanced_sort()
 .text._ZN17Comnplicated_zone14analyse_pointsEv
                0x0000000008002a8c       0xac ./Core/Src/Lidar.o
                0x0000000008002a8c                Comnplicated_zone::analyse_points()
 .text._ZN18Collision_detector14add_next_valueEv
                0x0000000008002b38       0x68 ./Core/Src/Lidar.o
                0x0000000008002b38                Collision_detector::add_next_value()
 .text._ZN18Collision_detector10kinematicsEv
                0x0000000008002ba0      0x1bc ./Core/Src/Lidar.o
                0x0000000008002ba0                Collision_detector::kinematics()
 .text._ZN18Collision_detector6filterEv
                0x0000000008002d5c       0xb8 ./Core/Src/Lidar.o
                0x0000000008002d5c                Collision_detector::filter()
 *fill*         0x0000000008002e14        0x4 
 .text._ZN18Collision_detector22calculate_cloud_centerEv
                0x0000000008002e18      0x390 ./Core/Src/Lidar.o
                0x0000000008002e18                Collision_detector::calculate_cloud_center()
 .text._ZN17Comnplicated_zoneC2Ev
                0x00000000080031a8       0x98 ./Core/Src/Lidar.o
                0x00000000080031a8                Comnplicated_zone::Comnplicated_zone()
                0x00000000080031a8                Comnplicated_zone::Comnplicated_zone()
 .text._ZN4ZoneC2Ev
                0x0000000008003240       0x8e ./Core/Src/Lidar.o
                0x0000000008003240                Zone::Zone()
                0x0000000008003240                Zone::Zone()
 .text._ZN18Collision_detectorC2Ev
                0x00000000080032ce      0x108 ./Core/Src/Lidar.o
                0x00000000080032ce                Collision_detector::Collision_detector()
                0x00000000080032ce                Collision_detector::Collision_detector()
 *fill*         0x00000000080033d6        0x2 
 .text._ZN12Display_dataC2Ev
                0x00000000080033d8       0x48 ./Core/Src/Lidar.o
                0x00000000080033d8                Display_data::Display_data()
                0x00000000080033d8                Display_data::Display_data()
 .text.loop     0x0000000008003420      0x534 ./Core/Src/Lidar.o
                0x0000000008003420                loop
 .text.setup    0x0000000008003954      0x804 ./Core/Src/Lidar.o
                0x0000000008003954                setup
 .text._ZSt3powIeiEN9__gnu_cxx11__promote_2IT_T0_NS0_9__promoteIS2_XsrSt12__is_integerIS2_E7__valueEE6__typeENS4_IS3_XsrS5_IS3_E7__valueEE6__typeEE6__typeES2_S3_
                0x0000000008004158       0x38 ./Core/Src/Lidar.o
                0x0000000008004158                __gnu_cxx::__promote_2<long double, int, __gnu_cxx::__promote<long double, std::__is_integer<long double>::__value>::__type, __gnu_cxx::__promote<int, std::__is_integer<int>::__value>::__type>::__type std::pow<long double, int>(long double, int)
 .text._Z41__static_initialization_and_destruction_0ii
                0x0000000008004190       0x98 ./Core/Src/Lidar.o
 .text._GLOBAL__sub_I__Z7radiansd
                0x0000000008004228       0x10 ./Core/Src/Lidar.o
 .text.ITM_SendChar
                0x0000000008004238       0x4e ./Core/Src/main.o
 *fill*         0x0000000008004286        0x2 
 .text.__io_putchar
                0x0000000008004288       0x44 ./Core/Src/main.o
                0x0000000008004288                __io_putchar
 .text.main     0x00000000080042cc       0x8c ./Core/Src/main.o
                0x00000000080042cc                main
 .text.SystemClock_Config
                0x0000000008004358       0xd8 ./Core/Src/main.o
                0x0000000008004358                SystemClock_Config
 .text.MX_CORDIC_Init
                0x0000000008004430       0x28 ./Core/Src/main.o
 .text.MX_FMAC_Init
                0x0000000008004458       0x28 ./Core/Src/main.o
 .text.MX_GPDMA1_Init
                0x0000000008004480       0x50 ./Core/Src/main.o
 .text.MX_GPDMA2_Init
                0x00000000080044d0       0x50 ./Core/Src/main.o
 .text.MX_ICACHE_Init
                0x0000000008004520       0x16 ./Core/Src/main.o
 .text.MX_MEMORYMAP_Init
                0x0000000008004536        0xe ./Core/Src/main.o
 .text.MX_RTC_Init
                0x0000000008004544       0x9c ./Core/Src/main.o
 .text.MX_TIM4_Init
                0x00000000080045e0       0xf8 ./Core/Src/main.o
 .text.MX_UART4_Init
                0x00000000080046d8       0x98 ./Core/Src/main.o
 .text.MX_UART5_Init
                0x0000000008004770       0x98 ./Core/Src/main.o
 .text.MX_UART7_Init
                0x0000000008004808       0x98 ./Core/Src/main.o
 .text.MX_USART1_UART_Init
                0x00000000080048a0       0x9c ./Core/Src/main.o
 .text.MX_USART2_UART_Init
                0x000000000800493c       0x98 ./Core/Src/main.o
 .text.MX_USART3_UART_Init
                0x00000000080049d4       0x98 ./Core/Src/main.o
 .text.MX_USART6_Init
                0x0000000008004a6c       0x98 ./Core/Src/main.o
 .text.MX_USB_PCD_Init
                0x0000000008004b04       0x64 ./Core/Src/main.o
 .text.MX_GPIO_Init
                0x0000000008004b68      0x204 ./Core/Src/main.o
 .text.Error_Handler
                0x0000000008004d6c        0xa ./Core/Src/main.o
                0x0000000008004d6c                Error_Handler
 .text.HAL_MspInit
                0x0000000008004d76        0xe ./Core/Src/stm32h5xx_hal_msp.o
                0x0000000008004d76                HAL_MspInit
 .text.HAL_CORDIC_MspInit
                0x0000000008004d84       0x44 ./Core/Src/stm32h5xx_hal_msp.o
                0x0000000008004d84                HAL_CORDIC_MspInit
 .text.HAL_FMAC_MspInit
                0x0000000008004dc8       0x44 ./Core/Src/stm32h5xx_hal_msp.o
                0x0000000008004dc8                HAL_FMAC_MspInit
 .text.HAL_RTC_MspInit
                0x0000000008004e0c       0xc0 ./Core/Src/stm32h5xx_hal_msp.o
                0x0000000008004e0c                HAL_RTC_MspInit
 .text.HAL_TIM_PWM_MspInit
                0x0000000008004ecc       0x44 ./Core/Src/stm32h5xx_hal_msp.o
                0x0000000008004ecc                HAL_TIM_PWM_MspInit
 .text.HAL_TIM_MspPostInit
                0x0000000008004f10       0xb8 ./Core/Src/stm32h5xx_hal_msp.o
                0x0000000008004f10                HAL_TIM_MspPostInit
 .text.HAL_UART_MspInit
                0x0000000008004fc8      0xaf8 ./Core/Src/stm32h5xx_hal_msp.o
                0x0000000008004fc8                HAL_UART_MspInit
 .text.HAL_USART_MspInit
                0x0000000008005ac0      0x11c ./Core/Src/stm32h5xx_hal_msp.o
                0x0000000008005ac0                HAL_USART_MspInit
 .text.HAL_PCD_MspInit
                0x0000000008005bdc      0x11c ./Core/Src/stm32h5xx_hal_msp.o
                0x0000000008005bdc                HAL_PCD_MspInit
 .text.NMI_Handler
                0x0000000008005cf8        0x6 ./Core/Src/stm32h5xx_it.o
                0x0000000008005cf8                NMI_Handler
 .text.HardFault_Handler
                0x0000000008005cfe        0x6 ./Core/Src/stm32h5xx_it.o
                0x0000000008005cfe                HardFault_Handler
 .text.MemManage_Handler
                0x0000000008005d04        0x6 ./Core/Src/stm32h5xx_it.o
                0x0000000008005d04                MemManage_Handler
 .text.BusFault_Handler
                0x0000000008005d0a        0x6 ./Core/Src/stm32h5xx_it.o
                0x0000000008005d0a                BusFault_Handler
 .text.UsageFault_Handler
                0x0000000008005d10        0x6 ./Core/Src/stm32h5xx_it.o
                0x0000000008005d10                UsageFault_Handler
 .text.SVC_Handler
                0x0000000008005d16        0xe ./Core/Src/stm32h5xx_it.o
                0x0000000008005d16                SVC_Handler
 .text.DebugMon_Handler
                0x0000000008005d24        0xe ./Core/Src/stm32h5xx_it.o
                0x0000000008005d24                DebugMon_Handler
 .text.PendSV_Handler
                0x0000000008005d32        0xe ./Core/Src/stm32h5xx_it.o
                0x0000000008005d32                PendSV_Handler
 .text.SysTick_Handler
                0x0000000008005d40        0xc ./Core/Src/stm32h5xx_it.o
                0x0000000008005d40                SysTick_Handler
 .text.GPDMA1_Channel0_IRQHandler
                0x0000000008005d4c       0x14 ./Core/Src/stm32h5xx_it.o
                0x0000000008005d4c                GPDMA1_Channel0_IRQHandler
 .text.GPDMA1_Channel1_IRQHandler
                0x0000000008005d60       0x14 ./Core/Src/stm32h5xx_it.o
                0x0000000008005d60                GPDMA1_Channel1_IRQHandler
 .text.USART2_IRQHandler
                0x0000000008005d74       0x14 ./Core/Src/stm32h5xx_it.o
                0x0000000008005d74                USART2_IRQHandler
 .text.USART3_IRQHandler
                0x0000000008005d88       0x14 ./Core/Src/stm32h5xx_it.o
                0x0000000008005d88                USART3_IRQHandler
 .text.UART4_IRQHandler
                0x0000000008005d9c       0x14 ./Core/Src/stm32h5xx_it.o
                0x0000000008005d9c                UART4_IRQHandler
 .text.UART5_IRQHandler
                0x0000000008005db0       0x14 ./Core/Src/stm32h5xx_it.o
                0x0000000008005db0                UART5_IRQHandler
 .text.GPDMA2_Channel0_IRQHandler
                0x0000000008005dc4       0x14 ./Core/Src/stm32h5xx_it.o
                0x0000000008005dc4                GPDMA2_Channel0_IRQHandler
 .text.GPDMA2_Channel1_IRQHandler
                0x0000000008005dd8       0x14 ./Core/Src/stm32h5xx_it.o
                0x0000000008005dd8                GPDMA2_Channel1_IRQHandler
 .text.UART7_IRQHandler
                0x0000000008005dec       0x14 ./Core/Src/stm32h5xx_it.o
                0x0000000008005dec                UART7_IRQHandler
 .text._getpid  0x0000000008005e00       0x10 ./Core/Src/syscalls.o
                0x0000000008005e00                _getpid
 .text._kill    0x0000000008005e10       0x20 ./Core/Src/syscalls.o
                0x0000000008005e10                _kill
 .text._exit    0x0000000008005e30       0x14 ./Core/Src/syscalls.o
                0x0000000008005e30                _exit
 .text._read    0x0000000008005e44       0x3a ./Core/Src/syscalls.o
                0x0000000008005e44                _read
 .text._write   0x0000000008005e7e       0x38 ./Core/Src/syscalls.o
                0x0000000008005e7e                _write
 .text._close   0x0000000008005eb6       0x18 ./Core/Src/syscalls.o
                0x0000000008005eb6                _close
 .text._fstat   0x0000000008005ece       0x20 ./Core/Src/syscalls.o
                0x0000000008005ece                _fstat
 .text._isatty  0x0000000008005eee       0x16 ./Core/Src/syscalls.o
                0x0000000008005eee                _isatty
 .text._lseek   0x0000000008005f04       0x1a ./Core/Src/syscalls.o
                0x0000000008005f04                _lseek
 *fill*         0x0000000008005f1e        0x2 
 .text._sbrk    0x0000000008005f20       0x6c ./Core/Src/sysmem.o
                0x0000000008005f20                _sbrk
 .text.SystemInit
                0x0000000008005f8c       0xf8 ./Core/Src/system_stm32h5xx.o
                0x0000000008005f8c                SystemInit
 .text.Reset_Handler
                0x0000000008006084       0x50 ./Core/Startup/startup_stm32h573ritx.o
                0x0000000008006084                Reset_Handler
 .text.Default_Handler
                0x00000000080060d4        0x2 ./Core/Startup/startup_stm32h573ritx.o
                0x00000000080060d4                EXTI2_IRQHandler
                0x00000000080060d4                TIM8_TRG_COM_IRQHandler
                0x00000000080060d4                TIM8_CC_IRQHandler
                0x00000000080060d4                EXTI5_IRQHandler
                0x00000000080060d4                I3C1_ER_IRQHandler
                0x00000000080060d4                UART8_IRQHandler
                0x00000000080060d4                SPI4_IRQHandler
                0x00000000080060d4                FLASH_S_IRQHandler
                0x00000000080060d4                EXTI13_IRQHandler
                0x00000000080060d4                TIM1_CC_IRQHandler
                0x00000000080060d4                GPDMA2_Channel3_IRQHandler
                0x00000000080060d4                TAMP_IRQHandler
                0x00000000080060d4                TIM6_IRQHandler
                0x00000000080060d4                EXTI12_IRQHandler
                0x00000000080060d4                CORDIC_IRQHandler
                0x00000000080060d4                USB_DRD_FS_IRQHandler
                0x00000000080060d4                EXTI3_IRQHandler
                0x00000000080060d4                LPTIM4_IRQHandler
                0x00000000080060d4                GPDMA1_Channel5_IRQHandler
                0x00000000080060d4                EXTI8_IRQHandler
                0x00000000080060d4                GPDMA2_Channel5_IRQHandler
                0x00000000080060d4                LPTIM2_IRQHandler
                0x00000000080060d4                I2C3_ER_IRQHandler
                0x00000000080060d4                GPDMA2_Channel2_IRQHandler
                0x00000000080060d4                USART10_IRQHandler
                0x00000000080060d4                LPTIM3_IRQHandler
                0x00000000080060d4                EXTI0_IRQHandler
                0x00000000080060d4                I2C2_EV_IRQHandler
                0x00000000080060d4                FPU_IRQHandler
                0x00000000080060d4                GPDMA1_Channel3_IRQHandler
                0x00000000080060d4                GPDMA1_Channel7_IRQHandler
                0x00000000080060d4                FDCAN1_IT1_IRQHandler
                0x00000000080060d4                RAMCFG_IRQHandler
                0x00000000080060d4                DCACHE1_IRQHandler
                0x00000000080060d4                SPI1_IRQHandler
                0x00000000080060d4                OCTOSPI1_IRQHandler
                0x00000000080060d4                GPDMA1_Channel2_IRQHandler
                0x00000000080060d4                TIM8_UP_IRQHandler
                0x00000000080060d4                RCC_S_IRQHandler
                0x00000000080060d4                SAI2_IRQHandler
                0x00000000080060d4                ADC1_IRQHandler
                0x00000000080060d4                PKA_IRQHandler
                0x00000000080060d4                USART6_IRQHandler
                0x00000000080060d4                EXTI15_IRQHandler
                0x00000000080060d4                TIM17_IRQHandler
                0x00000000080060d4                RTC_IRQHandler
                0x00000000080060d4                EXTI9_IRQHandler
                0x00000000080060d4                LPTIM5_IRQHandler
                0x00000000080060d4                TIM4_IRQHandler
                0x00000000080060d4                I2C1_EV_IRQHandler
                0x00000000080060d4                TIM16_IRQHandler
                0x00000000080060d4                SecureFault_Handler
                0x00000000080060d4                TIM3_IRQHandler
                0x00000000080060d4                RCC_IRQHandler
                0x00000000080060d4                UART9_IRQHandler
                0x00000000080060d4                TIM1_TRG_COM_IRQHandler
                0x00000000080060d4                Default_Handler
                0x00000000080060d4                FMAC_IRQHandler
                0x00000000080060d4                CEC_IRQHandler
                0x00000000080060d4                USART11_IRQHandler
                0x00000000080060d4                TIM14_IRQHandler
                0x00000000080060d4                TIM13_IRQHandler
                0x00000000080060d4                OTFDEC1_IRQHandler
                0x00000000080060d4                GPDMA2_Channel4_IRQHandler
                0x00000000080060d4                SPI5_IRQHandler
                0x00000000080060d4                TIM12_IRQHandler
                0x00000000080060d4                TIM7_IRQHandler
                0x00000000080060d4                SDMMC1_IRQHandler
                0x00000000080060d4                SAES_IRQHandler
                0x00000000080060d4                TIM5_IRQHandler
                0x00000000080060d4                UCPD1_IRQHandler
                0x00000000080060d4                I3C1_EV_IRQHandler
                0x00000000080060d4                TIM15_IRQHandler
                0x00000000080060d4                PVD_AVD_IRQHandler
                0x00000000080060d4                I2C3_EV_IRQHandler
                0x00000000080060d4                ETH_WKUP_IRQHandler
                0x00000000080060d4                ADC2_IRQHandler
                0x00000000080060d4                SPI2_IRQHandler
                0x00000000080060d4                EXTI14_IRQHandler
                0x00000000080060d4                EXTI11_IRQHandler
                0x00000000080060d4                CRS_IRQHandler
                0x00000000080060d4                EXTI4_IRQHandler
                0x00000000080060d4                RTC_S_IRQHandler
                0x00000000080060d4                RNG_IRQHandler
                0x00000000080060d4                FDCAN2_IT1_IRQHandler
                0x00000000080060d4                ETH_IRQHandler
                0x00000000080060d4                GPDMA2_Channel6_IRQHandler
                0x00000000080060d4                TIM1_UP_IRQHandler
                0x00000000080060d4                UART12_IRQHandler
                0x00000000080060d4                WWDG_IRQHandler
                0x00000000080060d4                SPI6_IRQHandler
                0x00000000080060d4                I2C4_EV_IRQHandler
                0x00000000080060d4                FDCAN2_IT0_IRQHandler
                0x00000000080060d4                IWDG_IRQHandler
                0x00000000080060d4                LPUART1_IRQHandler
                0x00000000080060d4                FDCAN1_IT0_IRQHandler
                0x00000000080060d4                TIM2_IRQHandler
                0x00000000080060d4                GPDMA1_Channel4_IRQHandler
                0x00000000080060d4                EXTI7_IRQHandler
                0x00000000080060d4                TIM1_BRK_IRQHandler
                0x00000000080060d4                EXTI1_IRQHandler
                0x00000000080060d4                SDMMC2_IRQHandler
                0x00000000080060d4                AES_IRQHandler
                0x00000000080060d4                LPTIM6_IRQHandler
                0x00000000080060d4                DAC1_IRQHandler
                0x00000000080060d4                DTS_IRQHandler
                0x00000000080060d4                GTZC_IRQHandler
                0x00000000080060d4                GPDMA1_Channel6_IRQHandler
                0x00000000080060d4                GPDMA2_Channel7_IRQHandler
                0x00000000080060d4                I2C2_ER_IRQHandler
                0x00000000080060d4                TIM8_BRK_IRQHandler
                0x00000000080060d4                FLASH_IRQHandler
                0x00000000080060d4                USART1_IRQHandler
                0x00000000080060d4                EXTI10_IRQHandler
                0x00000000080060d4                SPI3_IRQHandler
                0x00000000080060d4                I2C1_ER_IRQHandler
                0x00000000080060d4                FMC_IRQHandler
                0x00000000080060d4                EXTI6_IRQHandler
                0x00000000080060d4                LPTIM1_IRQHandler
                0x00000000080060d4                DCMI_PSSI_IRQHandler
                0x00000000080060d4                I2C4_ER_IRQHandler
                0x00000000080060d4                ICACHE_IRQHandler
                0x00000000080060d4                SAI1_IRQHandler
                0x00000000080060d4                HASH_IRQHandler
 *fill*         0x00000000080060d6        0x2 
 .text.HAL_Init
                0x00000000080060d8       0x4c ./Drivers/STM32H5xx_HAL_Driver/Src/stm32h5xx_hal.o
                0x00000000080060d8                HAL_Init
 .text.HAL_InitTick
                0x0000000008006124       0x6c ./Drivers/STM32H5xx_HAL_Driver/Src/stm32h5xx_hal.o
                0x0000000008006124                HAL_InitTick
 .text.HAL_IncTick
                0x0000000008006190       0x28 ./Drivers/STM32H5xx_HAL_Driver/Src/stm32h5xx_hal.o
                0x0000000008006190                HAL_IncTick
 .text.HAL_GetTick
                0x00000000080061b8       0x18 ./Drivers/STM32H5xx_HAL_Driver/Src/stm32h5xx_hal.o
                0x00000000080061b8                HAL_GetTick
 .text.HAL_Delay
                0x00000000080061d0       0x48 ./Drivers/STM32H5xx_HAL_Driver/Src/stm32h5xx_hal.o
                0x00000000080061d0                HAL_Delay
 .text.HAL_CORDIC_Init
                0x0000000008006218       0x62 ./Drivers/STM32H5xx_HAL_Driver/Src/stm32h5xx_hal_cordic.o
                0x0000000008006218                HAL_CORDIC_Init
 *fill*         0x000000000800627a        0x2 
 .text.__NVIC_SetPriorityGrouping
                0x000000000800627c       0x48 ./Drivers/STM32H5xx_HAL_Driver/Src/stm32h5xx_hal_cortex.o
 .text.__NVIC_GetPriorityGrouping
                0x00000000080062c4       0x1c ./Drivers/STM32H5xx_HAL_Driver/Src/stm32h5xx_hal_cortex.o
 .text.__NVIC_EnableIRQ
                0x00000000080062e0       0x3c ./Drivers/STM32H5xx_HAL_Driver/Src/stm32h5xx_hal_cortex.o
 .text.__NVIC_SetPriority
                0x000000000800631c       0x54 ./Drivers/STM32H5xx_HAL_Driver/Src/stm32h5xx_hal_cortex.o
 .text.NVIC_EncodePriority
                0x0000000008006370       0x66 ./Drivers/STM32H5xx_HAL_Driver/Src/stm32h5xx_hal_cortex.o
 *fill*         0x00000000080063d6        0x2 
 .text.SysTick_Config
                0x00000000080063d8       0x44 ./Drivers/STM32H5xx_HAL_Driver/Src/stm32h5xx_hal_cortex.o
 .text.HAL_NVIC_SetPriorityGrouping
                0x000000000800641c       0x16 ./Drivers/STM32H5xx_HAL_Driver/Src/stm32h5xx_hal_cortex.o
                0x000000000800641c                HAL_NVIC_SetPriorityGrouping
 .text.HAL_NVIC_SetPriority
                0x0000000008006432       0x34 ./Drivers/STM32H5xx_HAL_Driver/Src/stm32h5xx_hal_cortex.o
                0x0000000008006432                HAL_NVIC_SetPriority
 .text.HAL_NVIC_EnableIRQ
                0x0000000008006466       0x1c ./Drivers/STM32H5xx_HAL_Driver/Src/stm32h5xx_hal_cortex.o
                0x0000000008006466                HAL_NVIC_EnableIRQ
 .text.HAL_SYSTICK_Config
                0x0000000008006482       0x18 ./Drivers/STM32H5xx_HAL_Driver/Src/stm32h5xx_hal_cortex.o
                0x0000000008006482                HAL_SYSTICK_Config
 .text.HAL_DMA_Start_IT
                0x000000000800649a       0xc0 ./Drivers/STM32H5xx_HAL_Driver/Src/stm32h5xx_hal_dma.o
                0x000000000800649a                HAL_DMA_Start_IT
 .text.HAL_DMA_Abort
                0x000000000800655a       0xf8 ./Drivers/STM32H5xx_HAL_Driver/Src/stm32h5xx_hal_dma.o
                0x000000000800655a                HAL_DMA_Abort
 .text.HAL_DMA_Abort_IT
                0x0000000008006652       0x52 ./Drivers/STM32H5xx_HAL_Driver/Src/stm32h5xx_hal_dma.o
                0x0000000008006652                HAL_DMA_Abort_IT
 .text.HAL_DMA_IRQHandler
                0x00000000080066a4      0x2f4 ./Drivers/STM32H5xx_HAL_Driver/Src/stm32h5xx_hal_dma.o
                0x00000000080066a4                HAL_DMA_IRQHandler
 .text.HAL_DMA_ConfigChannelAttributes
                0x0000000008006998       0x78 ./Drivers/STM32H5xx_HAL_Driver/Src/stm32h5xx_hal_dma.o
                0x0000000008006998                HAL_DMA_ConfigChannelAttributes
 .text.DMA_SetConfig
                0x0000000008006a10       0x4a ./Drivers/STM32H5xx_HAL_Driver/Src/stm32h5xx_hal_dma.o
 *fill*         0x0000000008006a5a        0x2 
 .text.HAL_DMAEx_List_Init
                0x0000000008006a5c      0x258 ./Drivers/STM32H5xx_HAL_Driver/Src/stm32h5xx_hal_dma_ex.o
                0x0000000008006a5c                HAL_DMAEx_List_Init
 .text.HAL_DMAEx_List_Start_IT
                0x0000000008006cb4      0x128 ./Drivers/STM32H5xx_HAL_Driver/Src/stm32h5xx_hal_dma_ex.o
                0x0000000008006cb4                HAL_DMAEx_List_Start_IT
 .text.HAL_DMAEx_List_BuildNode
                0x0000000008006ddc       0x2c ./Drivers/STM32H5xx_HAL_Driver/Src/stm32h5xx_hal_dma_ex.o
                0x0000000008006ddc                HAL_DMAEx_List_BuildNode
 .text.HAL_DMAEx_List_InsertNode
                0x0000000008006e08      0x192 ./Drivers/STM32H5xx_HAL_Driver/Src/stm32h5xx_hal_dma_ex.o
                0x0000000008006e08                HAL_DMAEx_List_InsertNode
 .text.HAL_DMAEx_List_SetCircularMode
                0x0000000008006f9a       0xc0 ./Drivers/STM32H5xx_HAL_Driver/Src/stm32h5xx_hal_dma_ex.o
                0x0000000008006f9a                HAL_DMAEx_List_SetCircularMode
 *fill*         0x000000000800705a        0x2 
 .text.HAL_DMAEx_List_LinkQ
                0x000000000800705c      0x12c ./Drivers/STM32H5xx_HAL_Driver/Src/stm32h5xx_hal_dma_ex.o
                0x000000000800705c                HAL_DMAEx_List_LinkQ
 .text.DMA_List_Init
                0x0000000008007188      0x2b0 ./Drivers/STM32H5xx_HAL_Driver/Src/stm32h5xx_hal_dma_ex.o
 .text.DMA_List_BuildNode
                0x0000000008007438      0x2b0 ./Drivers/STM32H5xx_HAL_Driver/Src/stm32h5xx_hal_dma_ex.o
 .text.DMA_List_CheckNodesBaseAddresses
                0x00000000080076e8       0x60 ./Drivers/STM32H5xx_HAL_Driver/Src/stm32h5xx_hal_dma_ex.o
 .text.DMA_List_CheckNodesTypes
                0x0000000008007748       0x78 ./Drivers/STM32H5xx_HAL_Driver/Src/stm32h5xx_hal_dma_ex.o
 .text.DMA_List_GetCLLRNodeInfo
                0x00000000080077c0       0x60 ./Drivers/STM32H5xx_HAL_Driver/Src/stm32h5xx_hal_dma_ex.o
 .text.DMA_List_FindNode
                0x0000000008007820      0x13e ./Drivers/STM32H5xx_HAL_Driver/Src/stm32h5xx_hal_dma_ex.o
 .text.HAL_FMAC_Init
                0x000000000800795e       0x82 ./Drivers/STM32H5xx_HAL_Driver/Src/stm32h5xx_hal_fmac.o
                0x000000000800795e                HAL_FMAC_Init
 .text.FMAC_Reset
                0x00000000080079e0       0x5e ./Drivers/STM32H5xx_HAL_Driver/Src/stm32h5xx_hal_fmac.o
 .text.FMAC_ResetDataPointers
                0x0000000008007a3e       0x1c ./Drivers/STM32H5xx_HAL_Driver/Src/stm32h5xx_hal_fmac.o
 .text.FMAC_ResetInputStateAndDataPointers
                0x0000000008007a5a       0x2e ./Drivers/STM32H5xx_HAL_Driver/Src/stm32h5xx_hal_fmac.o
 .text.FMAC_ResetOutputStateAndDataPointers
                0x0000000008007a88       0x2e ./Drivers/STM32H5xx_HAL_Driver/Src/stm32h5xx_hal_fmac.o
 *fill*         0x0000000008007ab6        0x2 
 .text.HAL_GPIO_Init
                0x0000000008007ab8      0x2a4 ./Drivers/STM32H5xx_HAL_Driver/Src/stm32h5xx_hal_gpio.o
                0x0000000008007ab8                HAL_GPIO_Init
 .text.HAL_GPIO_ReadPin
                0x0000000008007d5c       0x30 ./Drivers/STM32H5xx_HAL_Driver/Src/stm32h5xx_hal_gpio.o
                0x0000000008007d5c                HAL_GPIO_ReadPin
 .text.HAL_GPIO_WritePin
                0x0000000008007d8c       0x30 ./Drivers/STM32H5xx_HAL_Driver/Src/stm32h5xx_hal_gpio.o
                0x0000000008007d8c                HAL_GPIO_WritePin
 .text.HAL_ICACHE_Enable
                0x0000000008007dbc       0x20 ./Drivers/STM32H5xx_HAL_Driver/Src/stm32h5xx_hal_icache.o
                0x0000000008007dbc                HAL_ICACHE_Enable
 .text.HAL_PCD_Init
                0x0000000008007ddc      0x1b6 ./Drivers/STM32H5xx_HAL_Driver/Src/stm32h5xx_hal_pcd.o
                0x0000000008007ddc                HAL_PCD_Init
 .text.HAL_PCDEx_ActivateLPM
                0x0000000008007f92       0x44 ./Drivers/STM32H5xx_HAL_Driver/Src/stm32h5xx_hal_pcd_ex.o
                0x0000000008007f92                HAL_PCDEx_ActivateLPM
 *fill*         0x0000000008007fd6        0x2 
 .text.HAL_PWR_EnableBkUpAccess
                0x0000000008007fd8       0x20 ./Drivers/STM32H5xx_HAL_Driver/Src/stm32h5xx_hal_pwr.o
                0x0000000008007fd8                HAL_PWR_EnableBkUpAccess
 .text.HAL_PWR_DisableBkUpAccess
                0x0000000008007ff8       0x20 ./Drivers/STM32H5xx_HAL_Driver/Src/stm32h5xx_hal_pwr.o
                0x0000000008007ff8                HAL_PWR_DisableBkUpAccess
 .text.HAL_RCC_OscConfig
                0x0000000008008018      0x870 ./Drivers/STM32H5xx_HAL_Driver/Src/stm32h5xx_hal_rcc.o
                0x0000000008008018                HAL_RCC_OscConfig
 .text.HAL_RCC_ClockConfig
                0x0000000008008888      0x370 ./Drivers/STM32H5xx_HAL_Driver/Src/stm32h5xx_hal_rcc.o
                0x0000000008008888                HAL_RCC_ClockConfig
 .text.HAL_RCC_GetSysClockFreq
                0x0000000008008bf8      0x258 ./Drivers/STM32H5xx_HAL_Driver/Src/stm32h5xx_hal_rcc.o
                0x0000000008008bf8                HAL_RCC_GetSysClockFreq
 .text.HAL_RCC_GetHCLKFreq
                0x0000000008008e50       0x38 ./Drivers/STM32H5xx_HAL_Driver/Src/stm32h5xx_hal_rcc.o
                0x0000000008008e50                HAL_RCC_GetHCLKFreq
 .text.HAL_RCC_GetPCLK1Freq
                0x0000000008008e88       0x2c ./Drivers/STM32H5xx_HAL_Driver/Src/stm32h5xx_hal_rcc.o
                0x0000000008008e88                HAL_RCC_GetPCLK1Freq
 .text.HAL_RCC_GetPCLK2Freq
                0x0000000008008eb4       0x2c ./Drivers/STM32H5xx_HAL_Driver/Src/stm32h5xx_hal_rcc.o
                0x0000000008008eb4                HAL_RCC_GetPCLK2Freq
 .text.HAL_RCC_GetPCLK3Freq
                0x0000000008008ee0       0x2c ./Drivers/STM32H5xx_HAL_Driver/Src/stm32h5xx_hal_rcc.o
                0x0000000008008ee0                HAL_RCC_GetPCLK3Freq
 .text.HAL_RCCEx_PeriphCLKConfig
                0x0000000008008f0c     0x1f14 ./Drivers/STM32H5xx_HAL_Driver/Src/stm32h5xx_hal_rcc_ex.o
                0x0000000008008f0c                HAL_RCCEx_PeriphCLKConfig
 .text.HAL_RCCEx_GetPLL1ClockFreq
                0x000000000800ae20      0x2d4 ./Drivers/STM32H5xx_HAL_Driver/Src/stm32h5xx_hal_rcc_ex.o
                0x000000000800ae20                HAL_RCCEx_GetPLL1ClockFreq
 .text.HAL_RCCEx_GetPLL2ClockFreq
                0x000000000800b0f4      0x2d4 ./Drivers/STM32H5xx_HAL_Driver/Src/stm32h5xx_hal_rcc_ex.o
                0x000000000800b0f4                HAL_RCCEx_GetPLL2ClockFreq
 .text.HAL_RCCEx_GetPLL3ClockFreq
                0x000000000800b3c8      0x2d4 ./Drivers/STM32H5xx_HAL_Driver/Src/stm32h5xx_hal_rcc_ex.o
                0x000000000800b3c8                HAL_RCCEx_GetPLL3ClockFreq
 .text.HAL_RCCEx_GetPeriphCLKFreq
                0x000000000800b69c     0x26b4 ./Drivers/STM32H5xx_HAL_Driver/Src/stm32h5xx_hal_rcc_ex.o
                0x000000000800b69c                HAL_RCCEx_GetPeriphCLKFreq
 .text.RCCEx_PLL2_Config
                0x000000000800dd50      0x130 ./Drivers/STM32H5xx_HAL_Driver/Src/stm32h5xx_hal_rcc_ex.o
 .text.RCCEx_PLL3_Config
                0x000000000800de80      0x130 ./Drivers/STM32H5xx_HAL_Driver/Src/stm32h5xx_hal_rcc_ex.o
 .text.HAL_RTC_Init
                0x000000000800dfb0      0x104 ./Drivers/STM32H5xx_HAL_Driver/Src/stm32h5xx_hal_rtc.o
                0x000000000800dfb0                HAL_RTC_Init
 .text.HAL_RTC_WaitForSynchro
                0x000000000800e0b4       0x64 ./Drivers/STM32H5xx_HAL_Driver/Src/stm32h5xx_hal_rtc.o
                0x000000000800e0b4                HAL_RTC_WaitForSynchro
 .text.RTC_EnterInitMode
                0x000000000800e118       0x78 ./Drivers/STM32H5xx_HAL_Driver/Src/stm32h5xx_hal_rtc.o
                0x000000000800e118                RTC_EnterInitMode
 .text.RTC_ExitInitMode
                0x000000000800e190       0x7c ./Drivers/STM32H5xx_HAL_Driver/Src/stm32h5xx_hal_rtc.o
                0x000000000800e190                RTC_ExitInitMode
 .text.HAL_RTCEx_BKUPWrite
                0x000000000800e20c       0x30 ./Drivers/STM32H5xx_HAL_Driver/Src/stm32h5xx_hal_rtc_ex.o
                0x000000000800e20c                HAL_RTCEx_BKUPWrite
 .text.HAL_RTCEx_BKUPRead
                0x000000000800e23c       0x2c ./Drivers/STM32H5xx_HAL_Driver/Src/stm32h5xx_hal_rtc_ex.o
                0x000000000800e23c                HAL_RTCEx_BKUPRead
 .text.HAL_RTCEx_PrivilegeModeSet
                0x000000000800e268       0x5c ./Drivers/STM32H5xx_HAL_Driver/Src/stm32h5xx_hal_rtc_ex.o
                0x000000000800e268                HAL_RTCEx_PrivilegeModeSet
 .text.HAL_TIM_PWM_Init
                0x000000000800e2c4       0xae ./Drivers/STM32H5xx_HAL_Driver/Src/stm32h5xx_hal_tim.o
                0x000000000800e2c4                HAL_TIM_PWM_Init
 *fill*         0x000000000800e372        0x2 
 .text.HAL_TIM_PWM_Start
                0x000000000800e374      0x2c0 ./Drivers/STM32H5xx_HAL_Driver/Src/stm32h5xx_hal_tim.o
                0x000000000800e374                HAL_TIM_PWM_Start
 .text.HAL_TIM_PWM_ConfigChannel
                0x000000000800e634      0x228 ./Drivers/STM32H5xx_HAL_Driver/Src/stm32h5xx_hal_tim.o
                0x000000000800e634                HAL_TIM_PWM_ConfigChannel
 .text.TIM_Base_SetConfig
                0x000000000800e85c      0x23c ./Drivers/STM32H5xx_HAL_Driver/Src/stm32h5xx_hal_tim.o
                0x000000000800e85c                TIM_Base_SetConfig
 .text.TIM_OC1_SetConfig
                0x000000000800ea98      0x184 ./Drivers/STM32H5xx_HAL_Driver/Src/stm32h5xx_hal_tim.o
 .text.TIM_OC2_SetConfig
                0x000000000800ec1c      0x160 ./Drivers/STM32H5xx_HAL_Driver/Src/stm32h5xx_hal_tim.o
                0x000000000800ec1c                TIM_OC2_SetConfig
 .text.TIM_OC3_SetConfig
                0x000000000800ed7c      0x15c ./Drivers/STM32H5xx_HAL_Driver/Src/stm32h5xx_hal_tim.o
 .text.TIM_OC4_SetConfig
                0x000000000800eed8      0x160 ./Drivers/STM32H5xx_HAL_Driver/Src/stm32h5xx_hal_tim.o
 .text.TIM_OC5_SetConfig
                0x000000000800f038      0x104 ./Drivers/STM32H5xx_HAL_Driver/Src/stm32h5xx_hal_tim.o
 .text.TIM_OC6_SetConfig
                0x000000000800f13c      0x108 ./Drivers/STM32H5xx_HAL_Driver/Src/stm32h5xx_hal_tim.o
 .text.TIM_CCxChannelCmd
                0x000000000800f244       0x4a ./Drivers/STM32H5xx_HAL_Driver/Src/stm32h5xx_hal_tim.o
                0x000000000800f244                TIM_CCxChannelCmd
 *fill*         0x000000000800f28e        0x2 
 .text.HAL_TIMEx_MasterConfigSynchronization
                0x000000000800f290      0x1a0 ./Drivers/STM32H5xx_HAL_Driver/Src/stm32h5xx_hal_tim_ex.o
                0x000000000800f290                HAL_TIMEx_MasterConfigSynchronization
 .text.HAL_UART_Init
                0x000000000800f430       0xa0 ./Drivers/STM32H5xx_HAL_Driver/Src/stm32h5xx_hal_uart.o
                0x000000000800f430                HAL_UART_Init
 .text.HAL_UART_Transmit
                0x000000000800f4d0      0x13c ./Drivers/STM32H5xx_HAL_Driver/Src/stm32h5xx_hal_uart.o
                0x000000000800f4d0                HAL_UART_Transmit
 .text.HAL_UART_Transmit_IT
                0x000000000800f60c      0x148 ./Drivers/STM32H5xx_HAL_Driver/Src/stm32h5xx_hal_uart.o
                0x000000000800f60c                HAL_UART_Transmit_IT
 .text.HAL_UART_IRQHandler
                0x000000000800f754      0x5a8 ./Drivers/STM32H5xx_HAL_Driver/Src/stm32h5xx_hal_uart.o
                0x000000000800f754                HAL_UART_IRQHandler
 .text.HAL_UART_TxCpltCallback
                0x000000000800fcfc       0x14 ./Drivers/STM32H5xx_HAL_Driver/Src/stm32h5xx_hal_uart.o
                0x000000000800fcfc                HAL_UART_TxCpltCallback
 .text.HAL_UART_RxCpltCallback
                0x000000000800fd10       0x14 ./Drivers/STM32H5xx_HAL_Driver/Src/stm32h5xx_hal_uart.o
                0x000000000800fd10                HAL_UART_RxCpltCallback
 .text.HAL_UART_RxHalfCpltCallback
                0x000000000800fd24       0x14 ./Drivers/STM32H5xx_HAL_Driver/Src/stm32h5xx_hal_uart.o
                0x000000000800fd24                HAL_UART_RxHalfCpltCallback
 .text.HAL_UART_ErrorCallback
                0x000000000800fd38       0x14 ./Drivers/STM32H5xx_HAL_Driver/Src/stm32h5xx_hal_uart.o
                0x000000000800fd38                HAL_UART_ErrorCallback
 .text.UART_SetConfig
                0x000000000800fd4c      0x3dc ./Drivers/STM32H5xx_HAL_Driver/Src/stm32h5xx_hal_uart.o
                0x000000000800fd4c                UART_SetConfig
 .text.UART_AdvFeatureConfig
                0x0000000008010128      0x144 ./Drivers/STM32H5xx_HAL_Driver/Src/stm32h5xx_hal_uart.o
                0x0000000008010128                UART_AdvFeatureConfig
 .text.UART_CheckIdleState
                0x000000000801026c      0x154 ./Drivers/STM32H5xx_HAL_Driver/Src/stm32h5xx_hal_uart.o
                0x000000000801026c                UART_CheckIdleState
 .text.UART_WaitOnFlagUntilTimeout
                0x00000000080103c0       0xce ./Drivers/STM32H5xx_HAL_Driver/Src/stm32h5xx_hal_uart.o
                0x00000000080103c0                UART_WaitOnFlagUntilTimeout
 *fill*         0x000000000801048e        0x2 
 .text.UART_Start_Receive_IT
                0x0000000008010490      0x244 ./Drivers/STM32H5xx_HAL_Driver/Src/stm32h5xx_hal_uart.o
                0x0000000008010490                UART_Start_Receive_IT
 .text.UART_Start_Receive_DMA
                0x00000000080106d4      0x1f0 ./Drivers/STM32H5xx_HAL_Driver/Src/stm32h5xx_hal_uart.o
                0x00000000080106d4                UART_Start_Receive_DMA
 .text.UART_EndTxTransfer
                0x00000000080108c4       0x82 ./Drivers/STM32H5xx_HAL_Driver/Src/stm32h5xx_hal_uart.o
 .text.UART_EndRxTransfer
                0x0000000008010946       0xcc ./Drivers/STM32H5xx_HAL_Driver/Src/stm32h5xx_hal_uart.o
 .text.UART_DMAReceiveCplt
                0x0000000008010a12       0xf2 ./Drivers/STM32H5xx_HAL_Driver/Src/stm32h5xx_hal_uart.o
 .text.UART_DMARxHalfCplt
                0x0000000008010b04       0x3e ./Drivers/STM32H5xx_HAL_Driver/Src/stm32h5xx_hal_uart.o
 .text.UART_DMAError
                0x0000000008010b42       0x80 ./Drivers/STM32H5xx_HAL_Driver/Src/stm32h5xx_hal_uart.o
 .text.UART_DMAAbortOnError
                0x0000000008010bc2       0x2c ./Drivers/STM32H5xx_HAL_Driver/Src/stm32h5xx_hal_uart.o
 .text.UART_TxISR_8BIT
                0x0000000008010bee       0xb8 ./Drivers/STM32H5xx_HAL_Driver/Src/stm32h5xx_hal_uart.o
 .text.UART_TxISR_16BIT
                0x0000000008010ca6       0xc2 ./Drivers/STM32H5xx_HAL_Driver/Src/stm32h5xx_hal_uart.o
 .text.UART_TxISR_8BIT_FIFOEN
                0x0000000008010d68       0xe0 ./Drivers/STM32H5xx_HAL_Driver/Src/stm32h5xx_hal_uart.o
 .text.UART_TxISR_16BIT_FIFOEN
                0x0000000008010e48       0xea ./Drivers/STM32H5xx_HAL_Driver/Src/stm32h5xx_hal_uart.o
 .text.UART_EndTransmit_IT
                0x0000000008010f32       0x56 ./Drivers/STM32H5xx_HAL_Driver/Src/stm32h5xx_hal_uart.o
 .text.UART_RxISR_8BIT
                0x0000000008010f88      0x1c4 ./Drivers/STM32H5xx_HAL_Driver/Src/stm32h5xx_hal_uart.o
 .text.UART_RxISR_16BIT
                0x000000000801114c      0x1c4 ./Drivers/STM32H5xx_HAL_Driver/Src/stm32h5xx_hal_uart.o
 .text.UART_RxISR_8BIT_FIFOEN
                0x0000000008011310      0x370 ./Drivers/STM32H5xx_HAL_Driver/Src/stm32h5xx_hal_uart.o
 .text.UART_RxISR_16BIT_FIFOEN
                0x0000000008011680      0x378 ./Drivers/STM32H5xx_HAL_Driver/Src/stm32h5xx_hal_uart.o
 .text.HAL_UARTEx_WakeupCallback
                0x00000000080119f8       0x14 ./Drivers/STM32H5xx_HAL_Driver/Src/stm32h5xx_hal_uart_ex.o
                0x00000000080119f8                HAL_UARTEx_WakeupCallback
 .text.HAL_UARTEx_RxFifoFullCallback
                0x0000000008011a0c       0x14 ./Drivers/STM32H5xx_HAL_Driver/Src/stm32h5xx_hal_uart_ex.o
                0x0000000008011a0c                HAL_UARTEx_RxFifoFullCallback
 .text.HAL_UARTEx_TxFifoEmptyCallback
                0x0000000008011a20       0x14 ./Drivers/STM32H5xx_HAL_Driver/Src/stm32h5xx_hal_uart_ex.o
                0x0000000008011a20                HAL_UARTEx_TxFifoEmptyCallback
 .text.HAL_UARTEx_DisableFifoMode
                0x0000000008011a34       0x72 ./Drivers/STM32H5xx_HAL_Driver/Src/stm32h5xx_hal_uart_ex.o
                0x0000000008011a34                HAL_UARTEx_DisableFifoMode
 .text.HAL_UARTEx_SetTxFifoThreshold
                0x0000000008011aa6       0x7c ./Drivers/STM32H5xx_HAL_Driver/Src/stm32h5xx_hal_uart_ex.o
                0x0000000008011aa6                HAL_UARTEx_SetTxFifoThreshold
 .text.HAL_UARTEx_SetRxFifoThreshold
                0x0000000008011b22       0x7c ./Drivers/STM32H5xx_HAL_Driver/Src/stm32h5xx_hal_uart_ex.o
                0x0000000008011b22                HAL_UARTEx_SetRxFifoThreshold
 .text.HAL_UARTEx_ReceiveToIdle_IT
                0x0000000008011b9e       0xa0 ./Drivers/STM32H5xx_HAL_Driver/Src/stm32h5xx_hal_uart_ex.o
                0x0000000008011b9e                HAL_UARTEx_ReceiveToIdle_IT
 .text.HAL_UARTEx_ReceiveToIdle_DMA
                0x0000000008011c3e       0xa8 ./Drivers/STM32H5xx_HAL_Driver/Src/stm32h5xx_hal_uart_ex.o
                0x0000000008011c3e                HAL_UARTEx_ReceiveToIdle_DMA
 *fill*         0x0000000008011ce6        0x2 
 .text.UARTEx_SetNbDataToProcess
                0x0000000008011ce8       0x9c ./Drivers/STM32H5xx_HAL_Driver/Src/stm32h5xx_hal_uart_ex.o
 .text.HAL_USART_Init
                0x0000000008011d84       0x94 ./Drivers/STM32H5xx_HAL_Driver/Src/stm32h5xx_hal_usart.o
                0x0000000008011d84                HAL_USART_Init
 .text.USART_WaitOnFlagUntilTimeout
                0x0000000008011e18       0x6c ./Drivers/STM32H5xx_HAL_Driver/Src/stm32h5xx_hal_usart.o
 .text.USART_SetConfig
                0x0000000008011e84      0xa24 ./Drivers/STM32H5xx_HAL_Driver/Src/stm32h5xx_hal_usart.o
 .text.USART_CheckIdleState
                0x00000000080128a8       0x86 ./Drivers/STM32H5xx_HAL_Driver/Src/stm32h5xx_hal_usart.o
 .text.HAL_USARTEx_DisableFifoMode
                0x000000000801292e       0x72 ./Drivers/STM32H5xx_HAL_Driver/Src/stm32h5xx_hal_usart_ex.o
                0x000000000801292e                HAL_USARTEx_DisableFifoMode
 .text.HAL_USARTEx_SetTxFifoThreshold
                0x00000000080129a0       0x7c ./Drivers/STM32H5xx_HAL_Driver/Src/stm32h5xx_hal_usart_ex.o
                0x00000000080129a0                HAL_USARTEx_SetTxFifoThreshold
 .text.HAL_USARTEx_SetRxFifoThreshold
                0x0000000008012a1c       0x7c ./Drivers/STM32H5xx_HAL_Driver/Src/stm32h5xx_hal_usart_ex.o
                0x0000000008012a1c                HAL_USARTEx_SetRxFifoThreshold
 .text.USARTEx_SetNbDataToProcess
                0x0000000008012a98       0x94 ./Drivers/STM32H5xx_HAL_Driver/Src/stm32h5xx_hal_usart_ex.o
 .text.USB_DisableGlobalInt
                0x0000000008012b2c       0x2a ./Drivers/STM32H5xx_HAL_Driver/Src/stm32h5xx_ll_usb.o
                0x0000000008012b2c                USB_DisableGlobalInt
 .text.USB_SetCurrentMode
                0x0000000008012b56       0x46 ./Drivers/STM32H5xx_HAL_Driver/Src/stm32h5xx_ll_usb.o
                0x0000000008012b56                USB_SetCurrentMode
 .text.USB_DevInit
                0x0000000008012b9c       0x46 ./Drivers/STM32H5xx_HAL_Driver/Src/stm32h5xx_ll_usb.o
                0x0000000008012b9c                USB_DevInit
 .text.powl     0x0000000008012be2        0x4 C:/ST/STM32CubeIDE_1.13.2/STM32CubeIDE/plugins/com.st.stm32cube.ide.mcu.externaltools.gnu-tools-for-stm32.11.3.rel1.win32_1.1.1.202309131626/tools/bin/../lib/gcc/arm-none-eabi/11.3.1/../../../../arm-none-eabi/lib/thumb/v8-m.main+fp/hard\libstdc++_nano.a(math_stubs_long_double.o)
                0x0000000008012be2                powl
 *fill*         0x0000000008012be6        0x2 
 .text.pow      0x0000000008012be8       0xe0 C:/ST/STM32CubeIDE_1.13.2/STM32CubeIDE/plugins/com.st.stm32cube.ide.mcu.externaltools.gnu-tools-for-stm32.11.3.rel1.win32_1.1.1.202309131626/tools/bin/../lib/gcc/arm-none-eabi/11.3.1/../../../../arm-none-eabi/lib/thumb/v8-m.main+fp/hard\libm.a(libm_a-w_pow.o)
                0x0000000008012be8                pow
 .text.cos      0x0000000008012cc8       0xa8 C:/ST/STM32CubeIDE_1.13.2/STM32CubeIDE/plugins/com.st.stm32cube.ide.mcu.externaltools.gnu-tools-for-stm32.11.3.rel1.win32_1.1.1.202309131626/tools/bin/../lib/gcc/arm-none-eabi/11.3.1/../../../../arm-none-eabi/lib/thumb/v8-m.main+fp/hard\libm.a(libm_a-s_cos.o)
                0x0000000008012cc8                cos
 .text.fabs     0x0000000008012d70       0x12 C:/ST/STM32CubeIDE_1.13.2/STM32CubeIDE/plugins/com.st.stm32cube.ide.mcu.externaltools.gnu-tools-for-stm32.11.3.rel1.win32_1.1.1.202309131626/tools/bin/../lib/gcc/arm-none-eabi/11.3.1/../../../../arm-none-eabi/lib/thumb/v8-m.main+fp/hard\libm.a(libm_a-s_fabs.o)
                0x0000000008012d70                fabs
 *fill*         0x0000000008012d82        0x6 
 .text.sin      0x0000000008012d88       0xb0 C:/ST/STM32CubeIDE_1.13.2/STM32CubeIDE/plugins/com.st.stm32cube.ide.mcu.externaltools.gnu-tools-for-stm32.11.3.rel1.win32_1.1.1.202309131626/tools/bin/../lib/gcc/arm-none-eabi/11.3.1/../../../../arm-none-eabi/lib/thumb/v8-m.main+fp/hard\libm.a(libm_a-s_sin.o)
                0x0000000008012d88                sin
 .text.finite   0x0000000008012e38       0x16 C:/ST/STM32CubeIDE_1.13.2/STM32CubeIDE/plugins/com.st.stm32cube.ide.mcu.externaltools.gnu-tools-for-stm32.11.3.rel1.win32_1.1.1.202309131626/tools/bin/../lib/gcc/arm-none-eabi/11.3.1/../../../../arm-none-eabi/lib/thumb/v8-m.main+fp/hard\libm.a(libm_a-s_finite.o)
                0x0000000008012e38                finite
 *fill*         0x0000000008012e4e        0x2 
 .text.scalbn   0x0000000008012e50       0xfc C:/ST/STM32CubeIDE_1.13.2/STM32CubeIDE/plugins/com.st.stm32cube.ide.mcu.externaltools.gnu-tools-for-stm32.11.3.rel1.win32_1.1.1.202309131626/tools/bin/../lib/gcc/arm-none-eabi/11.3.1/../../../../arm-none-eabi/lib/thumb/v8-m.main+fp/hard\libm.a(libm_a-s_scalbn.o)
                0x0000000008012e50                scalbn
 .text.with_errno
                0x0000000008012f4c       0x14 C:/ST/STM32CubeIDE_1.13.2/STM32CubeIDE/plugins/com.st.stm32cube.ide.mcu.externaltools.gnu-tools-for-stm32.11.3.rel1.win32_1.1.1.202309131626/tools/bin/../lib/gcc/arm-none-eabi/11.3.1/../../../../arm-none-eabi/lib/thumb/v8-m.main+fp/hard\libm.a(libm_a-math_err.o)
 .text.xflow    0x0000000008012f60       0x28 C:/ST/STM32CubeIDE_1.13.2/STM32CubeIDE/plugins/com.st.stm32cube.ide.mcu.externaltools.gnu-tools-for-stm32.11.3.rel1.win32_1.1.1.202309131626/tools/bin/../lib/gcc/arm-none-eabi/11.3.1/../../../../arm-none-eabi/lib/thumb/v8-m.main+fp/hard\libm.a(libm_a-math_err.o)
 .text.__math_uflow
                0x0000000008012f88       0x12 C:/ST/STM32CubeIDE_1.13.2/STM32CubeIDE/plugins/com.st.stm32cube.ide.mcu.externaltools.gnu-tools-for-stm32.11.3.rel1.win32_1.1.1.202309131626/tools/bin/../lib/gcc/arm-none-eabi/11.3.1/../../../../arm-none-eabi/lib/thumb/v8-m.main+fp/hard\libm.a(libm_a-math_err.o)
                0x0000000008012f88                __math_uflow
 .text.__math_oflow
                0x0000000008012f9a       0x12 C:/ST/STM32CubeIDE_1.13.2/STM32CubeIDE/plugins/com.st.stm32cube.ide.mcu.externaltools.gnu-tools-for-stm32.11.3.rel1.win32_1.1.1.202309131626/tools/bin/../lib/gcc/arm-none-eabi/11.3.1/../../../../arm-none-eabi/lib/thumb/v8-m.main+fp/hard\libm.a(libm_a-math_err.o)
                0x0000000008012f9a                __math_oflow
 .text.__ieee754_sqrt
                0x0000000008012fac      0x1c0 C:/ST/STM32CubeIDE_1.13.2/STM32CubeIDE/plugins/com.st.stm32cube.ide.mcu.externaltools.gnu-tools-for-stm32.11.3.rel1.win32_1.1.1.202309131626/tools/bin/../lib/gcc/arm-none-eabi/11.3.1/../../../../arm-none-eabi/lib/thumb/v8-m.main+fp/hard\libm.a(libm_a-e_sqrt.o)
                0x0000000008012fac                __ieee754_sqrt
 *fill*         0x000000000801316c        0x4 
 .text.floor    0x0000000008013170      0x100 C:/ST/STM32CubeIDE_1.13.2/STM32CubeIDE/plugins/com.st.stm32cube.ide.mcu.externaltools.gnu-tools-for-stm32.11.3.rel1.win32_1.1.1.202309131626/tools/bin/../lib/gcc/arm-none-eabi/11.3.1/../../../../arm-none-eabi/lib/thumb/v8-m.main+fp/hard\libm.a(libm_a-s_floor.o)
                0x0000000008013170                floor
 .text.__kernel_cos
                0x0000000008013270      0x18c C:/ST/STM32CubeIDE_1.13.2/STM32CubeIDE/plugins/com.st.stm32cube.ide.mcu.externaltools.gnu-tools-for-stm32.11.3.rel1.win32_1.1.1.202309131626/tools/bin/../lib/gcc/arm-none-eabi/11.3.1/../../../../arm-none-eabi/lib/thumb/v8-m.main+fp/hard\libm.a(libm_a-k_cos.o)
                0x0000000008013270                __kernel_cos
 *fill*         0x00000000080133fc        0x4 
 .text.__kernel_sin
                0x0000000008013400      0x17c C:/ST/STM32CubeIDE_1.13.2/STM32CubeIDE/plugins/com.st.stm32cube.ide.mcu.externaltools.gnu-tools-for-stm32.11.3.rel1.win32_1.1.1.202309131626/tools/bin/../lib/gcc/arm-none-eabi/11.3.1/../../../../arm-none-eabi/lib/thumb/v8-m.main+fp/hard\libm.a(libm_a-k_sin.o)
                0x0000000008013400                __kernel_sin
 *fill*         0x000000000801357c        0x4 
 .text.__ieee754_pow
                0x0000000008013580      0xa5c C:/ST/STM32CubeIDE_1.13.2/STM32CubeIDE/plugins/com.st.stm32cube.ide.mcu.externaltools.gnu-tools-for-stm32.11.3.rel1.win32_1.1.1.202309131626/tools/bin/../lib/gcc/arm-none-eabi/11.3.1/../../../../arm-none-eabi/lib/thumb/v8-m.main+fp/hard\libm.a(libm_a-e_pow.o)
                0x0000000008013580                __ieee754_pow
 *fill*         0x0000000008013fdc        0x4 
 .text.__ieee754_rem_pio2
                0x0000000008013fe0      0x40c C:/ST/STM32CubeIDE_1.13.2/STM32CubeIDE/plugins/com.st.stm32cube.ide.mcu.externaltools.gnu-tools-for-stm32.11.3.rel1.win32_1.1.1.202309131626/tools/bin/../lib/gcc/arm-none-eabi/11.3.1/../../../../arm-none-eabi/lib/thumb/v8-m.main+fp/hard\libm.a(libm_a-e_rem_pio2.o)
                0x0000000008013fe0                __ieee754_rem_pio2
 *fill*         0x00000000080143ec        0x4 
 .text.__kernel_rem_pio2
                0x00000000080143f0      0x6a4 C:/ST/STM32CubeIDE_1.13.2/STM32CubeIDE/plugins/com.st.stm32cube.ide.mcu.externaltools.gnu-tools-for-stm32.11.3.rel1.win32_1.1.1.202309131626/tools/bin/../lib/gcc/arm-none-eabi/11.3.1/../../../../arm-none-eabi/lib/thumb/v8-m.main+fp/hard\libm.a(libm_a-k_rem_pio2.o)
                0x00000000080143f0                __kernel_rem_pio2
 .text.__cvt    0x0000000008014a94       0xc4 C:/ST/STM32CubeIDE_1.13.2/STM32CubeIDE/plugins/com.st.stm32cube.ide.mcu.externaltools.gnu-tools-for-stm32.11.3.rel1.win32_1.1.1.202309131626/tools/bin/../lib/gcc/arm-none-eabi/11.3.1/../../../../arm-none-eabi/lib/thumb/v8-m.main+fp/hard\libc_nano.a(libc_a-nano-vfprintf_float.o)
                0x0000000008014a94                __cvt
 .text.__exponent
                0x0000000008014b58       0x7a C:/ST/STM32CubeIDE_1.13.2/STM32CubeIDE/plugins/com.st.stm32cube.ide.mcu.externaltools.gnu-tools-for-stm32.11.3.rel1.win32_1.1.1.202309131626/tools/bin/../lib/gcc/arm-none-eabi/11.3.1/../../../../arm-none-eabi/lib/thumb/v8-m.main+fp/hard\libc_nano.a(libc_a-nano-vfprintf_float.o)
                0x0000000008014b58                __exponent
 *fill*         0x0000000008014bd2        0x2 
 .text._printf_float
                0x0000000008014bd4      0x46c C:/ST/STM32CubeIDE_1.13.2/STM32CubeIDE/plugins/com.st.stm32cube.ide.mcu.externaltools.gnu-tools-for-stm32.11.3.rel1.win32_1.1.1.202309131626/tools/bin/../lib/gcc/arm-none-eabi/11.3.1/../../../../arm-none-eabi/lib/thumb/v8-m.main+fp/hard\libc_nano.a(libc_a-nano-vfprintf_float.o)
                0x0000000008014bd4                _printf_float
 .text._printf_common
                0x0000000008015040       0xe4 C:/ST/STM32CubeIDE_1.13.2/STM32CubeIDE/plugins/com.st.stm32cube.ide.mcu.externaltools.gnu-tools-for-stm32.11.3.rel1.win32_1.1.1.202309131626/tools/bin/../lib/gcc/arm-none-eabi/11.3.1/../../../../arm-none-eabi/lib/thumb/v8-m.main+fp/hard\libc_nano.a(libc_a-nano-vfprintf_i.o)
                0x0000000008015040                _printf_common
 .text._printf_i
                0x0000000008015124      0x240 C:/ST/STM32CubeIDE_1.13.2/STM32CubeIDE/plugins/com.st.stm32cube.ide.mcu.externaltools.gnu-tools-for-stm32.11.3.rel1.win32_1.1.1.202309131626/tools/bin/../lib/gcc/arm-none-eabi/11.3.1/../../../../arm-none-eabi/lib/thumb/v8-m.main+fp/hard\libc_nano.a(libc_a-nano-vfprintf_i.o)
                0x0000000008015124                _printf_i
 .text.std      0x0000000008015364       0x6c C:/ST/STM32CubeIDE_1.13.2/STM32CubeIDE/plugins/com.st.stm32cube.ide.mcu.externaltools.gnu-tools-for-stm32.11.3.rel1.win32_1.1.1.202309131626/tools/bin/../lib/gcc/arm-none-eabi/11.3.1/../../../../arm-none-eabi/lib/thumb/v8-m.main+fp/hard\libc_nano.a(libc_a-findfp.o)
 .text.stdio_exit_handler
                0x00000000080153d0       0x18 C:/ST/STM32CubeIDE_1.13.2/STM32CubeIDE/plugins/com.st.stm32cube.ide.mcu.externaltools.gnu-tools-for-stm32.11.3.rel1.win32_1.1.1.202309131626/tools/bin/../lib/gcc/arm-none-eabi/11.3.1/../../../../arm-none-eabi/lib/thumb/v8-m.main+fp/hard\libc_nano.a(libc_a-findfp.o)
 .text.cleanup_stdio
                0x00000000080153e8       0x40 C:/ST/STM32CubeIDE_1.13.2/STM32CubeIDE/plugins/com.st.stm32cube.ide.mcu.externaltools.gnu-tools-for-stm32.11.3.rel1.win32_1.1.1.202309131626/tools/bin/../lib/gcc/arm-none-eabi/11.3.1/../../../../arm-none-eabi/lib/thumb/v8-m.main+fp/hard\libc_nano.a(libc_a-findfp.o)
 .text.global_stdio_init.part.0
                0x0000000008015428       0x3c C:/ST/STM32CubeIDE_1.13.2/STM32CubeIDE/plugins/com.st.stm32cube.ide.mcu.externaltools.gnu-tools-for-stm32.11.3.rel1.win32_1.1.1.202309131626/tools/bin/../lib/gcc/arm-none-eabi/11.3.1/../../../../arm-none-eabi/lib/thumb/v8-m.main+fp/hard\libc_nano.a(libc_a-findfp.o)
 .text.__sfp_lock_acquire
                0x0000000008015464        0xc C:/ST/STM32CubeIDE_1.13.2/STM32CubeIDE/plugins/com.st.stm32cube.ide.mcu.externaltools.gnu-tools-for-stm32.11.3.rel1.win32_1.1.1.202309131626/tools/bin/../lib/gcc/arm-none-eabi/11.3.1/../../../../arm-none-eabi/lib/thumb/v8-m.main+fp/hard\libc_nano.a(libc_a-findfp.o)
                0x0000000008015464                __sfp_lock_acquire
 .text.__sfp_lock_release
                0x0000000008015470        0xc C:/ST/STM32CubeIDE_1.13.2/STM32CubeIDE/plugins/com.st.stm32cube.ide.mcu.externaltools.gnu-tools-for-stm32.11.3.rel1.win32_1.1.1.202309131626/tools/bin/../lib/gcc/arm-none-eabi/11.3.1/../../../../arm-none-eabi/lib/thumb/v8-m.main+fp/hard\libc_nano.a(libc_a-findfp.o)
                0x0000000008015470                __sfp_lock_release
 .text.__sinit  0x000000000801547c       0x30 C:/ST/STM32CubeIDE_1.13.2/STM32CubeIDE/plugins/com.st.stm32cube.ide.mcu.externaltools.gnu-tools-for-stm32.11.3.rel1.win32_1.1.1.202309131626/tools/bin/../lib/gcc/arm-none-eabi/11.3.1/../../../../arm-none-eabi/lib/thumb/v8-m.main+fp/hard\libc_nano.a(libc_a-findfp.o)
                0x000000000801547c                __sinit
 .text._fwalk_sglue
                0x00000000080154ac       0x3c C:/ST/STM32CubeIDE_1.13.2/STM32CubeIDE/plugins/com.st.stm32cube.ide.mcu.externaltools.gnu-tools-for-stm32.11.3.rel1.win32_1.1.1.202309131626/tools/bin/../lib/gcc/arm-none-eabi/11.3.1/../../../../arm-none-eabi/lib/thumb/v8-m.main+fp/hard\libc_nano.a(libc_a-fwalk.o)
                0x00000000080154ac                _fwalk_sglue
 .text.printf   0x00000000080154e8       0x24 C:/ST/STM32CubeIDE_1.13.2/STM32CubeIDE/plugins/com.st.stm32cube.ide.mcu.externaltools.gnu-tools-for-stm32.11.3.rel1.win32_1.1.1.202309131626/tools/bin/../lib/gcc/arm-none-eabi/11.3.1/../../../../arm-none-eabi/lib/thumb/v8-m.main+fp/hard\libc_nano.a(libc_a-printf.o)
                0x00000000080154e8                iprintf
                0x00000000080154e8                printf
 .text.__sread  0x000000000801550c       0x22 C:/ST/STM32CubeIDE_1.13.2/STM32CubeIDE/plugins/com.st.stm32cube.ide.mcu.externaltools.gnu-tools-for-stm32.11.3.rel1.win32_1.1.1.202309131626/tools/bin/../lib/gcc/arm-none-eabi/11.3.1/../../../../arm-none-eabi/lib/thumb/v8-m.main+fp/hard\libc_nano.a(libc_a-stdio.o)
                0x000000000801550c                __sread
 .text.__swrite
                0x000000000801552e       0x38 C:/ST/STM32CubeIDE_1.13.2/STM32CubeIDE/plugins/com.st.stm32cube.ide.mcu.externaltools.gnu-tools-for-stm32.11.3.rel1.win32_1.1.1.202309131626/tools/bin/../lib/gcc/arm-none-eabi/11.3.1/../../../../arm-none-eabi/lib/thumb/v8-m.main+fp/hard\libc_nano.a(libc_a-stdio.o)
                0x000000000801552e                __swrite
 .text.__sseek  0x0000000008015566       0x24 C:/ST/STM32CubeIDE_1.13.2/STM32CubeIDE/plugins/com.st.stm32cube.ide.mcu.externaltools.gnu-tools-for-stm32.11.3.rel1.win32_1.1.1.202309131626/tools/bin/../lib/gcc/arm-none-eabi/11.3.1/../../../../arm-none-eabi/lib/thumb/v8-m.main+fp/hard\libc_nano.a(libc_a-stdio.o)
                0x0000000008015566                __sseek
 .text.__sclose
                0x000000000801558a        0x8 C:/ST/STM32CubeIDE_1.13.2/STM32CubeIDE/plugins/com.st.stm32cube.ide.mcu.externaltools.gnu-tools-for-stm32.11.3.rel1.win32_1.1.1.202309131626/tools/bin/../lib/gcc/arm-none-eabi/11.3.1/../../../../arm-none-eabi/lib/thumb/v8-m.main+fp/hard\libc_nano.a(libc_a-stdio.o)
                0x000000000801558a                __sclose
 .text.memset   0x0000000008015592       0x10 C:/ST/STM32CubeIDE_1.13.2/STM32CubeIDE/plugins/com.st.stm32cube.ide.mcu.externaltools.gnu-tools-for-stm32.11.3.rel1.win32_1.1.1.202309131626/tools/bin/../lib/gcc/arm-none-eabi/11.3.1/../../../../arm-none-eabi/lib/thumb/v8-m.main+fp/hard\libc_nano.a(libc_a-memset.o)
                0x0000000008015592                memset
 *fill*         0x00000000080155a2        0x2 
 .text._localeconv_r
                0x00000000080155a4        0x8 C:/ST/STM32CubeIDE_1.13.2/STM32CubeIDE/plugins/com.st.stm32cube.ide.mcu.externaltools.gnu-tools-for-stm32.11.3.rel1.win32_1.1.1.202309131626/tools/bin/../lib/gcc/arm-none-eabi/11.3.1/../../../../arm-none-eabi/lib/thumb/v8-m.main+fp/hard\libc_nano.a(libc_a-localeconv.o)
                0x00000000080155a4                _localeconv_r
 .text._close_r
                0x00000000080155ac       0x20 C:/ST/STM32CubeIDE_1.13.2/STM32CubeIDE/plugins/com.st.stm32cube.ide.mcu.externaltools.gnu-tools-for-stm32.11.3.rel1.win32_1.1.1.202309131626/tools/bin/../lib/gcc/arm-none-eabi/11.3.1/../../../../arm-none-eabi/lib/thumb/v8-m.main+fp/hard\libc_nano.a(libc_a-closer.o)
                0x00000000080155ac                _close_r
 .text._lseek_r
                0x00000000080155cc       0x24 C:/ST/STM32CubeIDE_1.13.2/STM32CubeIDE/plugins/com.st.stm32cube.ide.mcu.externaltools.gnu-tools-for-stm32.11.3.rel1.win32_1.1.1.202309131626/tools/bin/../lib/gcc/arm-none-eabi/11.3.1/../../../../arm-none-eabi/lib/thumb/v8-m.main+fp/hard\libc_nano.a(libc_a-lseekr.o)
                0x00000000080155cc                _lseek_r
 .text._read_r  0x00000000080155f0       0x24 C:/ST/STM32CubeIDE_1.13.2/STM32CubeIDE/plugins/com.st.stm32cube.ide.mcu.externaltools.gnu-tools-for-stm32.11.3.rel1.win32_1.1.1.202309131626/tools/bin/../lib/gcc/arm-none-eabi/11.3.1/../../../../arm-none-eabi/lib/thumb/v8-m.main+fp/hard\libc_nano.a(libc_a-readr.o)
                0x00000000080155f0                _read_r
 .text._write_r
                0x0000000008015614       0x24 C:/ST/STM32CubeIDE_1.13.2/STM32CubeIDE/plugins/com.st.stm32cube.ide.mcu.externaltools.gnu-tools-for-stm32.11.3.rel1.win32_1.1.1.202309131626/tools/bin/../lib/gcc/arm-none-eabi/11.3.1/../../../../arm-none-eabi/lib/thumb/v8-m.main+fp/hard\libc_nano.a(libc_a-writer.o)
                0x0000000008015614                _write_r
 .text.__errno  0x0000000008015638        0xc C:/ST/STM32CubeIDE_1.13.2/STM32CubeIDE/plugins/com.st.stm32cube.ide.mcu.externaltools.gnu-tools-for-stm32.11.3.rel1.win32_1.1.1.202309131626/tools/bin/../lib/gcc/arm-none-eabi/11.3.1/../../../../arm-none-eabi/lib/thumb/v8-m.main+fp/hard\libc_nano.a(libc_a-errno.o)
                0x0000000008015638                __errno
 .text.__libc_init_array
                0x0000000008015644       0x48 C:/ST/STM32CubeIDE_1.13.2/STM32CubeIDE/plugins/com.st.stm32cube.ide.mcu.externaltools.gnu-tools-for-stm32.11.3.rel1.win32_1.1.1.202309131626/tools/bin/../lib/gcc/arm-none-eabi/11.3.1/../../../../arm-none-eabi/lib/thumb/v8-m.main+fp/hard\libc_nano.a(libc_a-init.o)
                0x0000000008015644                __libc_init_array
 .text.__retarget_lock_init_recursive
                0x000000000801568c        0x2 C:/ST/STM32CubeIDE_1.13.2/STM32CubeIDE/plugins/com.st.stm32cube.ide.mcu.externaltools.gnu-tools-for-stm32.11.3.rel1.win32_1.1.1.202309131626/tools/bin/../lib/gcc/arm-none-eabi/11.3.1/../../../../arm-none-eabi/lib/thumb/v8-m.main+fp/hard\libc_nano.a(libc_a-lock.o)
                0x000000000801568c                __retarget_lock_init_recursive
 .text.__retarget_lock_acquire_recursive
                0x000000000801568e        0x2 C:/ST/STM32CubeIDE_1.13.2/STM32CubeIDE/plugins/com.st.stm32cube.ide.mcu.externaltools.gnu-tools-for-stm32.11.3.rel1.win32_1.1.1.202309131626/tools/bin/../lib/gcc/arm-none-eabi/11.3.1/../../../../arm-none-eabi/lib/thumb/v8-m.main+fp/hard\libc_nano.a(libc_a-lock.o)
                0x000000000801568e                __retarget_lock_acquire_recursive
 .text.__retarget_lock_release_recursive
                0x0000000008015690        0x2 C:/ST/STM32CubeIDE_1.13.2/STM32CubeIDE/plugins/com.st.stm32cube.ide.mcu.externaltools.gnu-tools-for-stm32.11.3.rel1.win32_1.1.1.202309131626/tools/bin/../lib/gcc/arm-none-eabi/11.3.1/../../../../arm-none-eabi/lib/thumb/v8-m.main+fp/hard\libc_nano.a(libc_a-lock.o)
                0x0000000008015690                __retarget_lock_release_recursive
 .text.memchr   0x0000000008015692       0x1c C:/ST/STM32CubeIDE_1.13.2/STM32CubeIDE/plugins/com.st.stm32cube.ide.mcu.externaltools.gnu-tools-for-stm32.11.3.rel1.win32_1.1.1.202309131626/tools/bin/../lib/gcc/arm-none-eabi/11.3.1/../../../../arm-none-eabi/lib/thumb/v8-m.main+fp/hard\libc_nano.a(libc_a-memchr-stub.o)
                0x0000000008015692                memchr
 .text.memcpy   0x00000000080156ae       0x1a C:/ST/STM32CubeIDE_1.13.2/STM32CubeIDE/plugins/com.st.stm32cube.ide.mcu.externaltools.gnu-tools-for-stm32.11.3.rel1.win32_1.1.1.202309131626/tools/bin/../lib/gcc/arm-none-eabi/11.3.1/../../../../arm-none-eabi/lib/thumb/v8-m.main+fp/hard\libc_nano.a(libc_a-memcpy-stub.o)
                0x00000000080156ae                memcpy
 .text.quorem   0x00000000080156c8      0x120 C:/ST/STM32CubeIDE_1.13.2/STM32CubeIDE/plugins/com.st.stm32cube.ide.mcu.externaltools.gnu-tools-for-stm32.11.3.rel1.win32_1.1.1.202309131626/tools/bin/../lib/gcc/arm-none-eabi/11.3.1/../../../../arm-none-eabi/lib/thumb/v8-m.main+fp/hard\libc_nano.a(libc_a-dtoa.o)
 .text._dtoa_r  0x00000000080157e8      0xbe0 C:/ST/STM32CubeIDE_1.13.2/STM32CubeIDE/plugins/com.st.stm32cube.ide.mcu.externaltools.gnu-tools-for-stm32.11.3.rel1.win32_1.1.1.202309131626/tools/bin/../lib/gcc/arm-none-eabi/11.3.1/../../../../arm-none-eabi/lib/thumb/v8-m.main+fp/hard\libc_nano.a(libc_a-dtoa.o)
                0x00000000080157e8                _dtoa_r
 .text._free_r  0x00000000080163c8       0x98 C:/ST/STM32CubeIDE_1.13.2/STM32CubeIDE/plugins/com.st.stm32cube.ide.mcu.externaltools.gnu-tools-for-stm32.11.3.rel1.win32_1.1.1.202309131626/tools/bin/../lib/gcc/arm-none-eabi/11.3.1/../../../../arm-none-eabi/lib/thumb/v8-m.main+fp/hard\libc_nano.a(libc_a-freer.o)
                0x00000000080163c8                _free_r
 .text.malloc   0x0000000008016460       0x10 C:/ST/STM32CubeIDE_1.13.2/STM32CubeIDE/plugins/com.st.stm32cube.ide.mcu.externaltools.gnu-tools-for-stm32.11.3.rel1.win32_1.1.1.202309131626/tools/bin/../lib/gcc/arm-none-eabi/11.3.1/../../../../arm-none-eabi/lib/thumb/v8-m.main+fp/hard\libc_nano.a(libc_a-malloc.o)
                0x0000000008016460                malloc
 .text.sbrk_aligned
                0x0000000008016470       0x40 C:/ST/STM32CubeIDE_1.13.2/STM32CubeIDE/plugins/com.st.stm32cube.ide.mcu.externaltools.gnu-tools-for-stm32.11.3.rel1.win32_1.1.1.202309131626/tools/bin/../lib/gcc/arm-none-eabi/11.3.1/../../../../arm-none-eabi/lib/thumb/v8-m.main+fp/hard\libc_nano.a(libc_a-mallocr.o)
 .text._malloc_r
                0x00000000080164b0      0x100 C:/ST/STM32CubeIDE_1.13.2/STM32CubeIDE/plugins/com.st.stm32cube.ide.mcu.externaltools.gnu-tools-for-stm32.11.3.rel1.win32_1.1.1.202309131626/tools/bin/../lib/gcc/arm-none-eabi/11.3.1/../../../../arm-none-eabi/lib/thumb/v8-m.main+fp/hard\libc_nano.a(libc_a-mallocr.o)
                0x00000000080164b0                _malloc_r
 .text.__malloc_lock
                0x00000000080165b0        0xc C:/ST/STM32CubeIDE_1.13.2/STM32CubeIDE/plugins/com.st.stm32cube.ide.mcu.externaltools.gnu-tools-for-stm32.11.3.rel1.win32_1.1.1.202309131626/tools/bin/../lib/gcc/arm-none-eabi/11.3.1/../../../../arm-none-eabi/lib/thumb/v8-m.main+fp/hard\libc_nano.a(libc_a-mlock.o)
                0x00000000080165b0                __malloc_lock
 .text.__malloc_unlock
                0x00000000080165bc        0xc C:/ST/STM32CubeIDE_1.13.2/STM32CubeIDE/plugins/com.st.stm32cube.ide.mcu.externaltools.gnu-tools-for-stm32.11.3.rel1.win32_1.1.1.202309131626/tools/bin/../lib/gcc/arm-none-eabi/11.3.1/../../../../arm-none-eabi/lib/thumb/v8-m.main+fp/hard\libc_nano.a(libc_a-mlock.o)
                0x00000000080165bc                __malloc_unlock
 .text._Balloc  0x00000000080165c8       0x80 C:/ST/STM32CubeIDE_1.13.2/STM32CubeIDE/plugins/com.st.stm32cube.ide.mcu.externaltools.gnu-tools-for-stm32.11.3.rel1.win32_1.1.1.202309131626/tools/bin/../lib/gcc/arm-none-eabi/11.3.1/../../../../arm-none-eabi/lib/thumb/v8-m.main+fp/hard\libc_nano.a(libc_a-mprec.o)
                0x00000000080165c8                _Balloc
 .text._Bfree   0x0000000008016648       0x44 C:/ST/STM32CubeIDE_1.13.2/STM32CubeIDE/plugins/com.st.stm32cube.ide.mcu.externaltools.gnu-tools-for-stm32.11.3.rel1.win32_1.1.1.202309131626/tools/bin/../lib/gcc/arm-none-eabi/11.3.1/../../../../arm-none-eabi/lib/thumb/v8-m.main+fp/hard\libc_nano.a(libc_a-mprec.o)
                0x0000000008016648                _Bfree
 .text.__multadd
                0x000000000801668c       0x90 C:/ST/STM32CubeIDE_1.13.2/STM32CubeIDE/plugins/com.st.stm32cube.ide.mcu.externaltools.gnu-tools-for-stm32.11.3.rel1.win32_1.1.1.202309131626/tools/bin/../lib/gcc/arm-none-eabi/11.3.1/../../../../arm-none-eabi/lib/thumb/v8-m.main+fp/hard\libc_nano.a(libc_a-mprec.o)
                0x000000000801668c                __multadd
 .text.__hi0bits
                0x000000000801671c       0x40 C:/ST/STM32CubeIDE_1.13.2/STM32CubeIDE/plugins/com.st.stm32cube.ide.mcu.externaltools.gnu-tools-for-stm32.11.3.rel1.win32_1.1.1.202309131626/tools/bin/../lib/gcc/arm-none-eabi/11.3.1/../../../../arm-none-eabi/lib/thumb/v8-m.main+fp/hard\libc_nano.a(libc_a-mprec.o)
                0x000000000801671c                __hi0bits
 .text.__lo0bits
                0x000000000801675c       0x5a C:/ST/STM32CubeIDE_1.13.2/STM32CubeIDE/plugins/com.st.stm32cube.ide.mcu.externaltools.gnu-tools-for-stm32.11.3.rel1.win32_1.1.1.202309131626/tools/bin/../lib/gcc/arm-none-eabi/11.3.1/../../../../arm-none-eabi/lib/thumb/v8-m.main+fp/hard\libc_nano.a(libc_a-mprec.o)
                0x000000000801675c                __lo0bits
 *fill*         0x00000000080167b6        0x2 
 .text.__i2b    0x00000000080167b8       0x2c C:/ST/STM32CubeIDE_1.13.2/STM32CubeIDE/plugins/com.st.stm32cube.ide.mcu.externaltools.gnu-tools-for-stm32.11.3.rel1.win32_1.1.1.202309131626/tools/bin/../lib/gcc/arm-none-eabi/11.3.1/../../../../arm-none-eabi/lib/thumb/v8-m.main+fp/hard\libc_nano.a(libc_a-mprec.o)
                0x00000000080167b8                __i2b
 .text.__multiply
                0x00000000080167e4      0x154 C:/ST/STM32CubeIDE_1.13.2/STM32CubeIDE/plugins/com.st.stm32cube.ide.mcu.externaltools.gnu-tools-for-stm32.11.3.rel1.win32_1.1.1.202309131626/tools/bin/../lib/gcc/arm-none-eabi/11.3.1/../../../../arm-none-eabi/lib/thumb/v8-m.main+fp/hard\libc_nano.a(libc_a-mprec.o)
                0x00000000080167e4                __multiply
 .text.__pow5mult
                0x0000000008016938       0xb4 C:/ST/STM32CubeIDE_1.13.2/STM32CubeIDE/plugins/com.st.stm32cube.ide.mcu.externaltools.gnu-tools-for-stm32.11.3.rel1.win32_1.1.1.202309131626/tools/bin/../lib/gcc/arm-none-eabi/11.3.1/../../../../arm-none-eabi/lib/thumb/v8-m.main+fp/hard\libc_nano.a(libc_a-mprec.o)
                0x0000000008016938                __pow5mult
 .text.__lshift
                0x00000000080169ec       0xd8 C:/ST/STM32CubeIDE_1.13.2/STM32CubeIDE/plugins/com.st.stm32cube.ide.mcu.externaltools.gnu-tools-for-stm32.11.3.rel1.win32_1.1.1.202309131626/tools/bin/../lib/gcc/arm-none-eabi/11.3.1/../../../../arm-none-eabi/lib/thumb/v8-m.main+fp/hard\libc_nano.a(libc_a-mprec.o)
                0x00000000080169ec                __lshift
 .text.__mcmp   0x0000000008016ac4       0x38 C:/ST/STM32CubeIDE_1.13.2/STM32CubeIDE/plugins/com.st.stm32cube.ide.mcu.externaltools.gnu-tools-for-stm32.11.3.rel1.win32_1.1.1.202309131626/tools/bin/../lib/gcc/arm-none-eabi/11.3.1/../../../../arm-none-eabi/lib/thumb/v8-m.main+fp/hard\libc_nano.a(libc_a-mprec.o)
                0x0000000008016ac4                __mcmp
 .text.__mdiff  0x0000000008016afc      0x120 C:/ST/STM32CubeIDE_1.13.2/STM32CubeIDE/plugins/com.st.stm32cube.ide.mcu.externaltools.gnu-tools-for-stm32.11.3.rel1.win32_1.1.1.202309131626/tools/bin/../lib/gcc/arm-none-eabi/11.3.1/../../../../arm-none-eabi/lib/thumb/v8-m.main+fp/hard\libc_nano.a(libc_a-mprec.o)
                0x0000000008016afc                __mdiff
 .text.__d2b    0x0000000008016c1c       0xb4 C:/ST/STM32CubeIDE_1.13.2/STM32CubeIDE/plugins/com.st.stm32cube.ide.mcu.externaltools.gnu-tools-for-stm32.11.3.rel1.win32_1.1.1.202309131626/tools/bin/../lib/gcc/arm-none-eabi/11.3.1/../../../../arm-none-eabi/lib/thumb/v8-m.main+fp/hard\libc_nano.a(libc_a-mprec.o)
                0x0000000008016c1c                __d2b
 .text.__sfputc_r
                0x0000000008016cd0       0x2e C:/ST/STM32CubeIDE_1.13.2/STM32CubeIDE/plugins/com.st.stm32cube.ide.mcu.externaltools.gnu-tools-for-stm32.11.3.rel1.win32_1.1.1.202309131626/tools/bin/../lib/gcc/arm-none-eabi/11.3.1/../../../../arm-none-eabi/lib/thumb/v8-m.main+fp/hard\libc_nano.a(libc_a-nano-vfprintf.o)
 .text.__sfputs_r
                0x0000000008016cfe       0x24 C:/ST/STM32CubeIDE_1.13.2/STM32CubeIDE/plugins/com.st.stm32cube.ide.mcu.externaltools.gnu-tools-for-stm32.11.3.rel1.win32_1.1.1.202309131626/tools/bin/../lib/gcc/arm-none-eabi/11.3.1/../../../../arm-none-eabi/lib/thumb/v8-m.main+fp/hard\libc_nano.a(libc_a-nano-vfprintf.o)
                0x0000000008016cfe                __sfputs_r
 *fill*         0x0000000008016d22        0x2 
 .text._vfprintf_r
                0x0000000008016d24      0x234 C:/ST/STM32CubeIDE_1.13.2/STM32CubeIDE/plugins/com.st.stm32cube.ide.mcu.externaltools.gnu-tools-for-stm32.11.3.rel1.win32_1.1.1.202309131626/tools/bin/../lib/gcc/arm-none-eabi/11.3.1/../../../../arm-none-eabi/lib/thumb/v8-m.main+fp/hard\libc_nano.a(libc_a-nano-vfprintf.o)
                0x0000000008016d24                _vfprintf_r
                0x0000000008016d24                _vfiprintf_r
 .text.__sflush_r
                0x0000000008016f58      0x108 C:/ST/STM32CubeIDE_1.13.2/STM32CubeIDE/plugins/com.st.stm32cube.ide.mcu.externaltools.gnu-tools-for-stm32.11.3.rel1.win32_1.1.1.202309131626/tools/bin/../lib/gcc/arm-none-eabi/11.3.1/../../../../arm-none-eabi/lib/thumb/v8-m.main+fp/hard\libc_nano.a(libc_a-fflush.o)
                0x0000000008016f58                __sflush_r
 .text._fflush_r
                0x0000000008017060       0x50 C:/ST/STM32CubeIDE_1.13.2/STM32CubeIDE/plugins/com.st.stm32cube.ide.mcu.externaltools.gnu-tools-for-stm32.11.3.rel1.win32_1.1.1.202309131626/tools/bin/../lib/gcc/arm-none-eabi/11.3.1/../../../../arm-none-eabi/lib/thumb/v8-m.main+fp/hard\libc_nano.a(libc_a-fflush.o)
                0x0000000008017060                _fflush_r
 .text.__swbuf_r
                0x00000000080170b0       0x7a C:/ST/STM32CubeIDE_1.13.2/STM32CubeIDE/plugins/com.st.stm32cube.ide.mcu.externaltools.gnu-tools-for-stm32.11.3.rel1.win32_1.1.1.202309131626/tools/bin/../lib/gcc/arm-none-eabi/11.3.1/../../../../arm-none-eabi/lib/thumb/v8-m.main+fp/hard\libc_nano.a(libc_a-wbuf.o)
                0x00000000080170b0                __swbuf_r
 *fill*         0x000000000801712a        0x2 
 .text.__swsetup_r
                0x000000000801712c       0xb0 C:/ST/STM32CubeIDE_1.13.2/STM32CubeIDE/plugins/com.st.stm32cube.ide.mcu.externaltools.gnu-tools-for-stm32.11.3.rel1.win32_1.1.1.202309131626/tools/bin/../lib/gcc/arm-none-eabi/11.3.1/../../../../arm-none-eabi/lib/thumb/v8-m.main+fp/hard\libc_nano.a(libc_a-wsetup.o)
                0x000000000801712c                __swsetup_r
 .text._sbrk_r  0x00000000080171dc       0x20 C:/ST/STM32CubeIDE_1.13.2/STM32CubeIDE/plugins/com.st.stm32cube.ide.mcu.externaltools.gnu-tools-for-stm32.11.3.rel1.win32_1.1.1.202309131626/tools/bin/../lib/gcc/arm-none-eabi/11.3.1/../../../../arm-none-eabi/lib/thumb/v8-m.main+fp/hard\libc_nano.a(libc_a-sbrkr.o)
                0x00000000080171dc                _sbrk_r
 .text.__assert_func
                0x00000000080171fc       0x3c C:/ST/STM32CubeIDE_1.13.2/STM32CubeIDE/plugins/com.st.stm32cube.ide.mcu.externaltools.gnu-tools-for-stm32.11.3.rel1.win32_1.1.1.202309131626/tools/bin/../lib/gcc/arm-none-eabi/11.3.1/../../../../arm-none-eabi/lib/thumb/v8-m.main+fp/hard\libc_nano.a(libc_a-assert.o)
                0x00000000080171fc                __assert_func
 .text._calloc_r
                0x0000000008017238       0x2c C:/ST/STM32CubeIDE_1.13.2/STM32CubeIDE/plugins/com.st.stm32cube.ide.mcu.externaltools.gnu-tools-for-stm32.11.3.rel1.win32_1.1.1.202309131626/tools/bin/../lib/gcc/arm-none-eabi/11.3.1/../../../../arm-none-eabi/lib/thumb/v8-m.main+fp/hard\libc_nano.a(libc_a-callocr.o)
                0x0000000008017238                _calloc_r
 .text.__ascii_mbtowc
                0x0000000008017264       0x24 C:/ST/STM32CubeIDE_1.13.2/STM32CubeIDE/plugins/com.st.stm32cube.ide.mcu.externaltools.gnu-tools-for-stm32.11.3.rel1.win32_1.1.1.202309131626/tools/bin/../lib/gcc/arm-none-eabi/11.3.1/../../../../arm-none-eabi/lib/thumb/v8-m.main+fp/hard\libc_nano.a(libc_a-mbtowc_r.o)
                0x0000000008017264                __ascii_mbtowc
 .text.__ascii_wctomb
                0x0000000008017288       0x1a C:/ST/STM32CubeIDE_1.13.2/STM32CubeIDE/plugins/com.st.stm32cube.ide.mcu.externaltools.gnu-tools-for-stm32.11.3.rel1.win32_1.1.1.202309131626/tools/bin/../lib/gcc/arm-none-eabi/11.3.1/../../../../arm-none-eabi/lib/thumb/v8-m.main+fp/hard\libc_nano.a(libc_a-wctomb_r.o)
                0x0000000008017288                __ascii_wctomb
 *fill*         0x00000000080172a2        0x2 
 .text.fprintf  0x00000000080172a4       0x24 C:/ST/STM32CubeIDE_1.13.2/STM32CubeIDE/plugins/com.st.stm32cube.ide.mcu.externaltools.gnu-tools-for-stm32.11.3.rel1.win32_1.1.1.202309131626/tools/bin/../lib/gcc/arm-none-eabi/11.3.1/../../../../arm-none-eabi/lib/thumb/v8-m.main+fp/hard\libc_nano.a(libc_a-fprintf.o)
                0x00000000080172a4                fiprintf
                0x00000000080172a4                fprintf
 .text.__swhatbuf_r
                0x00000000080172c8       0x4a C:/ST/STM32CubeIDE_1.13.2/STM32CubeIDE/plugins/com.st.stm32cube.ide.mcu.externaltools.gnu-tools-for-stm32.11.3.rel1.win32_1.1.1.202309131626/tools/bin/../lib/gcc/arm-none-eabi/11.3.1/../../../../arm-none-eabi/lib/thumb/v8-m.main+fp/hard\libc_nano.a(libc_a-makebuf.o)
                0x00000000080172c8                __swhatbuf_r
 .text.__smakebuf_r
                0x0000000008017312       0x78 C:/ST/STM32CubeIDE_1.13.2/STM32CubeIDE/plugins/com.st.stm32cube.ide.mcu.externaltools.gnu-tools-for-stm32.11.3.rel1.win32_1.1.1.202309131626/tools/bin/../lib/gcc/arm-none-eabi/11.3.1/../../../../arm-none-eabi/lib/thumb/v8-m.main+fp/hard\libc_nano.a(libc_a-makebuf.o)
                0x0000000008017312                __smakebuf_r
 *fill*         0x000000000801738a        0x2 
 .text._fstat_r
                0x000000000801738c       0x24 C:/ST/STM32CubeIDE_1.13.2/STM32CubeIDE/plugins/com.st.stm32cube.ide.mcu.externaltools.gnu-tools-for-stm32.11.3.rel1.win32_1.1.1.202309131626/tools/bin/../lib/gcc/arm-none-eabi/11.3.1/../../../../arm-none-eabi/lib/thumb/v8-m.main+fp/hard\libc_nano.a(libc_a-fstatr.o)
                0x000000000801738c                _fstat_r
 .text._isatty_r
                0x00000000080173b0       0x20 C:/ST/STM32CubeIDE_1.13.2/STM32CubeIDE/plugins/com.st.stm32cube.ide.mcu.externaltools.gnu-tools-for-stm32.11.3.rel1.win32_1.1.1.202309131626/tools/bin/../lib/gcc/arm-none-eabi/11.3.1/../../../../arm-none-eabi/lib/thumb/v8-m.main+fp/hard\libc_nano.a(libc_a-isattyr.o)
                0x00000000080173b0                _isatty_r
 .text.abort    0x00000000080173d0        0xe C:/ST/STM32CubeIDE_1.13.2/STM32CubeIDE/plugins/com.st.stm32cube.ide.mcu.externaltools.gnu-tools-for-stm32.11.3.rel1.win32_1.1.1.202309131626/tools/bin/../lib/gcc/arm-none-eabi/11.3.1/../../../../arm-none-eabi/lib/thumb/v8-m.main+fp/hard\libc_nano.a(libc_a-abort.o)
                0x00000000080173d0                abort
 .text._raise_r
                0x00000000080173de       0x50 C:/ST/STM32CubeIDE_1.13.2/STM32CubeIDE/plugins/com.st.stm32cube.ide.mcu.externaltools.gnu-tools-for-stm32.11.3.rel1.win32_1.1.1.202309131626/tools/bin/../lib/gcc/arm-none-eabi/11.3.1/../../../../arm-none-eabi/lib/thumb/v8-m.main+fp/hard\libc_nano.a(libc_a-signal.o)
                0x00000000080173de                _raise_r
 *fill*         0x000000000801742e        0x2 
 .text.raise    0x0000000008017430       0x10 C:/ST/STM32CubeIDE_1.13.2/STM32CubeIDE/plugins/com.st.stm32cube.ide.mcu.externaltools.gnu-tools-for-stm32.11.3.rel1.win32_1.1.1.202309131626/tools/bin/../lib/gcc/arm-none-eabi/11.3.1/../../../../arm-none-eabi/lib/thumb/v8-m.main+fp/hard\libc_nano.a(libc_a-signal.o)
                0x0000000008017430                raise
 .text._kill_r  0x0000000008017440       0x24 C:/ST/STM32CubeIDE_1.13.2/STM32CubeIDE/plugins/com.st.stm32cube.ide.mcu.externaltools.gnu-tools-for-stm32.11.3.rel1.win32_1.1.1.202309131626/tools/bin/../lib/gcc/arm-none-eabi/11.3.1/../../../../arm-none-eabi/lib/thumb/v8-m.main+fp/hard\libc_nano.a(libc_a-signalr.o)
                0x0000000008017440                _kill_r
 .text._getpid_r
                0x0000000008017464        0x4 C:/ST/STM32CubeIDE_1.13.2/STM32CubeIDE/plugins/com.st.stm32cube.ide.mcu.externaltools.gnu-tools-for-stm32.11.3.rel1.win32_1.1.1.202309131626/tools/bin/../lib/gcc/arm-none-eabi/11.3.1/../../../../arm-none-eabi/lib/thumb/v8-m.main+fp/hard\libc_nano.a(libc_a-signalr.o)