C:\ST\STM32CubeIDE_1.13.2\STM32CubeIDE\plugins\com.st.stm32cube.ide.mcu.externaltools.gnu-tools-for-stm32.11.3.rel1.win32_1.1.1.202309131626\tools\bin/../lib/gcc/arm-none-eabi/11.3.1/../../../../arm-none-eabi/include/c++/11.3.1/bits/std_abs.h:79:3:constexpr long double std::abs(long double)	16	static
C:\ST\STM32CubeIDE_1.13.2\STM32CubeIDE\plugins\com.st.stm32cube.ide.mcu.externaltools.gnu-tools-for-stm32.11.3.rel1.win32_1.1.1.202309131626\tools\bin/../lib/gcc/arm-none-eabi/11.3.1/../../../../arm-none-eabi/include/c++/11.3.1/cmath:392:3:constexpr long double std::pow(long double, long double)	24	static
../Drivers/CMSIS/Include/core_cm33.h:2711:34:void __NVIC_SystemReset()	4	static,ignoring_inline_asm
../Core/Src/Lidar.cpp:23:8:double radians(double)	16	static
../Core/Src/Lidar.cpp:108:7:void Lidar_functions::process_rotation()	48	static
../Core/Src/Lidar.cpp:127:7:void Lidar_functions::get_packet_from_lidar()	56	static
../Core/Src/Lidar.cpp:179:7:void Lidar_functions::tick()	16	static
../Core/Src/Lidar.cpp:204:7:void Lidar_functions::reset_lidar()	16	static
../Core/Src/Lidar.cpp:213:7:void Lidar_functions::update_connection_status()	16	static
../Core/Src/Lidar.cpp:74:7:Lidar_functions::Lidar_functions()	16	static
../Core/Src/Lidar.cpp:269:6:void HAL_UARTEx_RxEventCallback(UART_HandleTypeDef*, uint16_t)	16	static
../Core/Src/Lidar.cpp:349:7:void Zone::calculate_geomety()	40	static
../Core/Src/Lidar.cpp:382:7:void Zone::simple_mode_sort()	32	static
../Core/Src/Lidar.cpp:401:7:void Zone::analyse_points()	24	static
../Core/Src/Lidar.cpp:443:7:void Comnplicated_zone::calculate_geomety()	32	static
../Core/Src/Lidar.cpp:480:7:bool Comnplicated_zone::orientation(Geometry_point, Geometry_point, Geometry_point)	24	static
../Core/Src/Lidar.cpp:484:7:void Comnplicated_zone::advanced_sort()	56	static
../Core/Src/Lidar.cpp:504:7:void Comnplicated_zone::analyse_points()	24	static
../Core/Src/Lidar.cpp:552:7:void Collision_detector::add_next_value()	16	static
../Core/Src/Lidar.cpp:564:7:void Collision_detector::kinematics()	24	static
../Core/Src/Lidar.cpp:594:7:void Collision_detector::filter()	24	static
../Core/Src/Lidar.cpp:620:7:void Collision_detector::calculate_cloud_center()	40	static
../Core/Src/Lidar.cpp:421:7:Comnplicated_zone::Comnplicated_zone()	16	static
../Core/Src/Lidar.cpp:330:7:Zone::Zone()	16	static
../Core/Src/Lidar.cpp:522:7:Collision_detector::Collision_detector()	16	static
../Core/Src/Lidar.cpp:677:8:Display_data::Display_data()	16	static
../Core/Src/Lidar.cpp:714:6:void loop()	96	static
../Core/Src/Lidar.cpp:833:6:void setup()	48	static
C:\ST\STM32CubeIDE_1.13.2\STM32CubeIDE\plugins\com.st.stm32cube.ide.mcu.externaltools.gnu-tools-for-stm32.11.3.rel1.win32_1.1.1.202309131626\tools\bin/../lib/gcc/arm-none-eabi/11.3.1/../../../../arm-none-eabi/include/c++/11.3.1/cmath:415:5:constexpr typename __gnu_cxx::__promote_2<_Tp, _Up>::__type std::pow(_Tp, _Up) [with _Tp = long double; _Up = int]	24	static
../Core/Src/Lidar.cpp:1005:1:void __static_initialization_and_destruction_0(int, int)	24	static
../Core/Src/Lidar.cpp:1005:1:cpp)	8	static
