../Core/Src/stm32h5xx_it.c:85:6:NMI_Handler	4	static
../Core/Src/stm32h5xx_it.c:100:6:HardFault_Handler	4	static
../Core/Src/stm32h5xx_it.c:115:6:MemManage_Handler	4	static
../Core/Src/stm32h5xx_it.c:130:6:BusFault_Handler	4	static
../Core/Src/stm32h5xx_it.c:145:6:UsageFault_Handler	4	static
../Core/Src/stm32h5xx_it.c:160:6:SVC_Handler	4	static
../Core/Src/stm32h5xx_it.c:173:6:DebugMon_Handler	4	static
../Core/Src/stm32h5xx_it.c:186:6:PendSV_Handler	4	static
../Core/Src/stm32h5xx_it.c:199:6:SysTick_Handler	8	static
../Core/Src/stm32h5xx_it.c:220:6:GPDMA1_Channel0_IRQHandler	8	static
../Core/Src/stm32h5xx_it.c:234:6:GPDMA1_Channel1_IRQHandler	8	static
../Core/Src/stm32h5xx_it.c:248:6:USART2_IRQHandler	8	static
../Core/Src/stm32h5xx_it.c:262:6:USART3_IRQHandler	8	static
../Core/Src/stm32h5xx_it.c:276:6:UART4_IRQHandler	8	static
../Core/Src/stm32h5xx_it.c:290:6:UART5_IRQHandler	8	static
../Core/Src/stm32h5xx_it.c:304:6:GPDMA2_Channel0_IRQHandler	8	static
../Core/Src/stm32h5xx_it.c:318:6:GPDMA2_Channel1_IRQHandler	8	static
../Core/Src/stm32h5xx_it.c:332:6:UART7_IRQHandler	8	static
