../Core/Src/stm32h5xx_hal_msp.c:89:6:HAL_MspInit	4	static
../Core/Src/stm32h5xx_hal_msp.c:108:6:HAL_CORDIC_MspInit	24	static
../Core/Src/stm32h5xx_hal_msp.c:130:6:HAL_CORDIC_MspDeInit	16	static
../Core/Src/stm32h5xx_hal_msp.c:152:6:HAL_FMAC_MspInit	24	static
../Core/Src/stm32h5xx_hal_msp.c:174:6:HAL_FMAC_MspDeInit	16	static
../Core/Src/stm32h5xx_hal_msp.c:196:6:HAL_RTC_MspInit	288	static
../Core/Src/stm32h5xx_hal_msp.c:230:6:HAL_RTC_MspDeInit	16	static
../Core/Src/stm32h5xx_hal_msp.c:253:6:HAL_TIM_PWM_MspInit	24	static
../Core/Src/stm32h5xx_hal_msp.c:269:6:HAL_TIM_MspPostInit	48	static
../Core/Src/stm32h5xx_hal_msp.c:312:6:HAL_TIM_PWM_MspDeInit	16	static
../Core/Src/stm32h5xx_hal_msp.c:334:6:HAL_UART_MspInit	464	static
../Core/Src/stm32h5xx_hal_msp.c:807:6:HAL_USART_MspInit	312	static
../Core/Src/stm32h5xx_hal_msp.c:855:6:HAL_UART_MspDeInit	16	static
../Core/Src/stm32h5xx_hal_msp.c:1000:6:HAL_USART_MspDeInit	16	static
../Core/Src/stm32h5xx_hal_msp.c:1030:6:HAL_PCD_MspInit	312	static
../Core/Src/stm32h5xx_hal_msp.c:1076:6:HAL_PCD_MspDeInit	16	static
